Archive member included to satisfy reference by file (symbol)

c:/progra~2/gnuarm~1/102021~1.10/bin/../lib/gcc/arm-none-eabi/10.3.1/thumb/v6-m/nofp\libgcc.a(_dvmd_tls.o)
                              CMakeFiles/bin.dir/D_/rpi_pico/pico-sdk/src/rp2_common/pico_divider/divider.S.obj (__aeabi_idiv0)
c:/progra~2/gnuarm~1/102021~1.10/bin/../lib/gcc/arm-none-eabi/10.3.1/../../../../arm-none-eabi/lib/thumb/v6-m/nofp\libc.a(lib_a-calloc.o)
                              CMakeFiles/bin.dir/D_/rpi_pico/pico-sdk/src/rp2_common/pico_malloc/pico_malloc.c.obj (calloc)
c:/progra~2/gnuarm~1/102021~1.10/bin/../lib/gcc/arm-none-eabi/10.3.1/../../../../arm-none-eabi/lib/thumb/v6-m/nofp\libc.a(lib_a-callocr.o)
                              c:/progra~2/gnuarm~1/102021~1.10/bin/../lib/gcc/arm-none-eabi/10.3.1/../../../../arm-none-eabi/lib/thumb/v6-m/nofp\libc.a(lib_a-calloc.o) (_calloc_r)
c:/progra~2/gnuarm~1/102021~1.10/bin/../lib/gcc/arm-none-eabi/10.3.1/../../../../arm-none-eabi/lib/thumb/v6-m/nofp\libc.a(lib_a-errno.o)
                              c:/progra~2/gnuarm~1/102021~1.10/bin/../lib/gcc/arm-none-eabi/10.3.1/../../../../arm-none-eabi/lib/thumb/v6-m/nofp\libc.a(lib_a-callocr.o) (__errno)
c:/progra~2/gnuarm~1/102021~1.10/bin/../lib/gcc/arm-none-eabi/10.3.1/../../../../arm-none-eabi/lib/thumb/v6-m/nofp\libc.a(lib_a-impure.o)
                              c:/progra~2/gnuarm~1/102021~1.10/bin/../lib/gcc/arm-none-eabi/10.3.1/../../../../arm-none-eabi/lib/thumb/v6-m/nofp\libc.a(lib_a-calloc.o) (_impure_ptr)
c:/progra~2/gnuarm~1/102021~1.10/bin/../lib/gcc/arm-none-eabi/10.3.1/../../../../arm-none-eabi/lib/thumb/v6-m/nofp\libc.a(lib_a-init.o)
                              c:/progra~2/gnuarm~1/102021~1.10/bin/../lib/gcc/arm-none-eabi/10.3.1/../../../../arm-none-eabi/lib/thumb/v6-m/nofp/crt0.o (__libc_init_array)
c:/progra~2/gnuarm~1/102021~1.10/bin/../lib/gcc/arm-none-eabi/10.3.1/../../../../arm-none-eabi/lib/thumb/v6-m/nofp\libc.a(lib_a-malloc.o)
                              CMakeFiles/bin.dir/D_/rpi_pico/pico-sdk/src/rp2_common/pico_malloc/pico_malloc.c.obj (malloc)
c:/progra~2/gnuarm~1/102021~1.10/bin/../lib/gcc/arm-none-eabi/10.3.1/../../../../arm-none-eabi/lib/thumb/v6-m/nofp\libc.a(lib_a-mallocr.o)
                              c:/progra~2/gnuarm~1/102021~1.10/bin/../lib/gcc/arm-none-eabi/10.3.1/../../../../arm-none-eabi/lib/thumb/v6-m/nofp\libc.a(lib_a-callocr.o) (_malloc_r)
c:/progra~2/gnuarm~1/102021~1.10/bin/../lib/gcc/arm-none-eabi/10.3.1/../../../../arm-none-eabi/lib/thumb/v6-m/nofp\libc.a(lib_a-mlock.o)
                              c:/progra~2/gnuarm~1/102021~1.10/bin/../lib/gcc/arm-none-eabi/10.3.1/../../../../arm-none-eabi/lib/thumb/v6-m/nofp\libc.a(lib_a-mallocr.o) (__malloc_lock)
c:/progra~2/gnuarm~1/102021~1.10/bin/../lib/gcc/arm-none-eabi/10.3.1/../../../../arm-none-eabi/lib/thumb/v6-m/nofp\libc.a(lib_a-realloc.o)
                              CMakeFiles/bin.dir/D_/rpi_pico/pico-sdk/src/rp2_common/pico_malloc/pico_malloc.c.obj (realloc)
c:/progra~2/gnuarm~1/102021~1.10/bin/../lib/gcc/arm-none-eabi/10.3.1/../../../../arm-none-eabi/lib/thumb/v6-m/nofp\libc.a(lib_a-reallocr.o)
                              c:/progra~2/gnuarm~1/102021~1.10/bin/../lib/gcc/arm-none-eabi/10.3.1/../../../../arm-none-eabi/lib/thumb/v6-m/nofp\libc.a(lib_a-realloc.o) (_realloc_r)
c:/progra~2/gnuarm~1/102021~1.10/bin/../lib/gcc/arm-none-eabi/10.3.1/../../../../arm-none-eabi/lib/thumb/v6-m/nofp\libc.a(lib_a-sbrkr.o)
                              c:/progra~2/gnuarm~1/102021~1.10/bin/../lib/gcc/arm-none-eabi/10.3.1/../../../../arm-none-eabi/lib/thumb/v6-m/nofp\libc.a(lib_a-mallocr.o) (_sbrk_r)
c:/progra~2/gnuarm~1/102021~1.10/bin/../lib/gcc/arm-none-eabi/10.3.1/../../../../arm-none-eabi/lib/thumb/v6-m/nofp\libc.a(lib_a-strlen-stub.o)
                              CMakeFiles/bin.dir/D_/rpi_pico/pico-sdk/src/rp2_common/pico_stdio/stdio.c.obj (strlen)
c:/progra~2/gnuarm~1/102021~1.10/bin/../lib/gcc/arm-none-eabi/10.3.1/../../../../arm-none-eabi/lib/thumb/v6-m/nofp\libc.a(lib_a-freer.o)
                              c:/progra~2/gnuarm~1/102021~1.10/bin/../lib/gcc/arm-none-eabi/10.3.1/../../../../arm-none-eabi/lib/thumb/v6-m/nofp\libc.a(lib_a-malloc.o) (_free_r)
c:/progra~2/gnuarm~1/102021~1.10/bin/../lib/gcc/arm-none-eabi/10.3.1/../../../../arm-none-eabi/lib/thumb/v6-m/nofp\libc.a(lib_a-lock.o)
                              c:/progra~2/gnuarm~1/102021~1.10/bin/../lib/gcc/arm-none-eabi/10.3.1/../../../../arm-none-eabi/lib/thumb/v6-m/nofp\libc.a(lib_a-mlock.o) (__retarget_lock_acquire_recursive)
c:/progra~2/gnuarm~1/102021~1.10/bin/../lib/gcc/arm-none-eabi/10.3.1/../../../../arm-none-eabi/lib/thumb/v6-m/nofp\libc.a(lib_a-memmove.o)
                              c:/progra~2/gnuarm~1/102021~1.10/bin/../lib/gcc/arm-none-eabi/10.3.1/../../../../arm-none-eabi/lib/thumb/v6-m/nofp\libc.a(lib_a-reallocr.o) (memmove)
c:/progra~2/gnuarm~1/102021~1.10/bin/../lib/gcc/arm-none-eabi/10.3.1/../../../../arm-none-eabi/lib/thumb/v6-m/nofp\libc.a(lib_a-reent.o)
[...]
Memory Configuration

Name             Origin             Length             Attributes
FLASH            0x10000000         0x00200000         xr
RAM              0x20000000         0x00040000         xrw
SCRATCH_X        0x20040000         0x00001000         xrw
SCRATCH_Y        0x20041000         0x00001000         xrw
*default*        0x00000000         0xffffffff

Linker script and memory map

LOAD c:/progra~2/gnuarm~1/102021~1.10/bin/../lib/gcc/arm-none-eabi/10.3.1/thumb/v6-m/nofp/crti.o
LOAD c:/progra~2/gnuarm~1/102021~1.10/bin/../lib/gcc/arm-none-eabi/10.3.1/thumb/v6-m/nofp/crtbegin.o
LOAD c:/progra~2/gnuarm~1/102021~1.10/bin/../lib/gcc/arm-none-eabi/10.3.1/../../../../arm-none-eabi/lib/thumb/v6-m/nofp/crt0.o

.flash_begin    0x10000000        0x0
                0x10000000                __flash_binary_start = .

.boot2          0x10000000      0x100
                0x10000000                __boot2_start__ = .
 *(.boot2)
 .boot2         0x10000000      0x100 f:\TEMP\ccIlvRzb.o
                0x10000100                __boot2_end__ = .
                0x00000001                ASSERT (((__boot2_end__ - __boot2_start__) == 0x100), ERROR: Pico second stage bootloader must be 256 bytes in size)

.text           0x10000100     0x52f8
                0x10000100                __logical_binary_start = .
 *(.vectors)
 .vectors       0x10000100       0xd4 CMakeFiles/bin.dir/D_/rpi_pico/pico-sdk/src/rp2_common/pico_standard_link/crt0.S.obj
                0x10000100                __VECTOR_TABLE
                0x10000100                __vectors
                0x100001c0                isr_invalid
                0x100001c0                __default_isrs_start
                0x100001c2                isr_nmi
                0x100001c4                isr_hardfault
                0x100001c6                isr_svcall
                0x100001c8                isr_pendsv
                0x100001ca                isr_systick
                0x100001cc                isr_irq23
                0x100001cc                isr_irq18
                0x100001cc                isr_irq11
                0x100001cc                isr_irq28
                0x100001cc                isr_irq19
                0x100001cc                isr_irq0
                0x100001cc                isr_irq6
                0x100001cc                isr_irq5
                0x100001cc                isr_irq12
                0x100001cc                isr_irq22
                0x100001cc                isr_irq31
                0x100001cc                isr_irq17
                0x100001cc                isr_irq27
                0x100001cc                isr_irq30
                0x100001cc                isr_irq2
                0x100001cc                isr_irq10
                0x100001cc                isr_irq8
                0x100001cc                isr_irq24
                0x100001cc                isr_irq1
                0x100001cc                isr_irq7
                0x100001cc                isr_irq21
                0x100001cc                isr_irq20
                0x100001cc                isr_irq15
                0x100001cc                isr_irq25
                0x100001cc                isr_irq13
                0x100001cc                __unhandled_user_irq
                0x100001cc                isr_irq4
                0x100001cc                isr_irq16
                0x100001cc                isr_irq29
                0x100001cc                isr_irq26
                0x100001cc                __default_isrs_end
                0x100001cc                isr_irq3
                0x100001cc                isr_irq14
                0x100001cc                isr_irq9
                0x100001d2                unhandled_user_irq_num_in_r0
 *(.binary_info_header)
 .binary_info_header
                0x100001d4       0x14 CMakeFiles/bin.dir/D_/rpi_pico/pico-sdk/src/rp2_common/pico_standard_link/crt0.S.obj
                0x100001e8                __binary_info_header_end = .
 *(.reset)
 .reset         0x100001e8       0xa8 CMakeFiles/bin.dir/D_/rpi_pico/pico-sdk/src/rp2_common/pico_standard_link/crt0.S.obj
                0x100001e8                _entry_point
                0x10000266                __get_current_exception
 .reset         0x10000290       0x30 CMakeFiles/bin.dir/D_/rpi_pico/pico-sdk/src/rp2_common/pico_standard_link/binary_info.c.obj
 *(.init)
 .init          0x100002c0        0x4 c:/progra~2/gnuarm~1/102021~1.10/bin/../lib/gcc/arm-none-eabi/10.3.1/thumb/v6-m/nofp/crti.o
                0x100002c0                _init
 *(EXCLUDE_FILE(*libm.a: *libc.a:*lib_a-mem*.o *libgcc.a:) .text*)
 .text          0x100002c4       0x48 c:/progra~2/gnuarm~1/102021~1.10/bin/../lib/gcc/arm-none-eabi/10.3.1/thumb/v6-m/nofp/crtbegin.o
 .text.pio0_sm0_config
                0x1000030c      0x124 CMakeFiles/bin.dir/myapp.c.obj
                0x1000030c                pio0_sm0_config
 .text.startup.main
                0x10000430       0x30 CMakeFiles/bin.dir/myapp.c.obj
                0x10000430                main
 .text.gpio_set_function
                0x10000460       0x30 CMakeFiles/bin.dir/D_/rpi_pico/pico-sdk/src/rp2_common/hardware_gpio/gpio.c.obj
                0x10000460                gpio_set_function
 .text.hw_claim_lock
                0x10000490       0x18 CMakeFiles/bin.dir/D_/rpi_pico/pico-sdk/src/rp2_common/hardware_claim/claim.c.obj
                0x10000490                hw_claim_lock
 .text.hw_claim_unlock
                0x100004a8       0x14 CMakeFiles/bin.dir/D_/rpi_pico/pico-sdk/src/rp2_common/hardware_claim/claim.c.obj
                0x100004a8                hw_claim_unlock
 .text.hw_claim_or_assert
                0x100004bc       0x44 CMakeFiles/bin.dir/D_/rpi_pico/pico-sdk/src/rp2_common/hardware_claim/claim.c.obj
                0x100004bc                hw_claim_or_assert
 .text.hw_claim_unused_from_range
                0x10000500       0x9c CMakeFiles/bin.dir/D_/rpi_pico/pico-sdk/src/rp2_common/hardware_claim/claim.c.obj
                0x10000500                hw_claim_unused_from_range
 .text.running_on_fpga
                0x1000059c       0x10 CMakeFiles/bin.dir/D_/rpi_pico/pico-sdk/src/rp2_common/pico_platform/platform.c.obj
                0x1000059c                running_on_fpga
 .text.spin_locks_reset
                0x100005ac       0x1c CMakeFiles/bin.dir/D_/rpi_pico/pico-sdk/src/rp2_common/hardware_sync/sync.c.obj
                0x100005ac                spin_locks_reset
 .text.next_striped_spin_lock_num
                0x100005c8       0x18 CMakeFiles/bin.dir/D_/rpi_pico/pico-sdk/src/rp2_common/hardware_sync/sync.c.obj
                0x100005c8                next_striped_spin_lock_num
 .text.spin_lock_claim_unused
                0x100005e0       0x20 CMakeFiles/bin.dir/D_/rpi_pico/pico-sdk/src/rp2_common/hardware_sync/sync.c.obj
                0x100005e0                spin_lock_claim_unused
 .text.irq_set_enabled
                0x10000600       0x24 CMakeFiles/bin.dir/D_/rpi_pico/pico-sdk/src/rp2_common/hardware_irq/irq.c.obj
                0x10000600                irq_set_enabled
 .text.irq_set_pending
                0x10000624       0x10 CMakeFiles/bin.dir/D_/rpi_pico/pico-sdk/src/rp2_common/hardware_irq/irq.c.obj
                0x10000624                irq_set_pending
 .text.irq_has_shared_handler
                0x10000634       0x2c CMakeFiles/bin.dir/D_/rpi_pico/pico-sdk/src/rp2_common/hardware_irq/irq.c.obj
                0x10000634                irq_has_shared_handler
 .text.irq_get_vtable_handler
                0x10000660       0x10 CMakeFiles/bin.dir/D_/rpi_pico/pico-sdk/src/rp2_common/hardware_irq/irq.c.obj
                0x10000660                irq_get_vtable_handler
 .text.irq_set_exclusive_handler
                0x10000670       0x54 CMakeFiles/bin.dir/D_/rpi_pico/pico-sdk/src/rp2_common/hardware_irq/irq.c.obj
                0x10000670                irq_set_exclusive_handler
 .text.irq_add_shared_handler
                0x100006c4      0x1e4 CMakeFiles/bin.dir/D_/rpi_pico/pico-sdk/src/rp2_common/hardware_irq/irq.c.obj
                0x100006c4                irq_add_shared_handler
 .text.irq_remove_handler
                0x100008a8      0x1b4 CMakeFiles/bin.dir/D_/rpi_pico/pico-sdk/src/rp2_common/hardware_irq/irq.c.obj
                0x100008a8                irq_remove_handler
 .text.irq_add_tail_to_free_list
                0x10000a5c       0xb4 CMakeFiles/bin.dir/D_/rpi_pico/pico-sdk/src/rp2_common/hardware_irq/irq.c.obj
                0x10000a5c                irq_add_tail_to_free_list
 .text.irq_init_priorities
                0x10000b10       0x24 CMakeFiles/bin.dir/D_/rpi_pico/pico-sdk/src/rp2_common/hardware_irq/irq.c.obj
                0x10000b10                irq_init_priorities
 .text.user_irq_claim_unused
                0x10000b34       0x30 CMakeFiles/bin.dir/D_/rpi_pico/pico-sdk/src/rp2_common/hardware_irq/irq.c.obj
                0x10000b34                user_irq_claim_unused
 .text.lock_init
                0x10000b64       0x10 CMakeFiles/bin.dir/D_/rpi_pico/pico-sdk/src/common/pico_sync/lock_core.c.obj
                0x10000b64                lock_init
 .text.timer_pool_entry_comparator
                0x10000b74       0x34 CMakeFiles/bin.dir/D_/rpi_pico/pico-sdk/src/common/pico_time/time.c.obj
                0x10000b74                timer_pool_entry_comparator
 .text.sleep_until_callback
                0x10000ba8       0x30 CMakeFiles/bin.dir/D_/rpi_pico/pico-sdk/src/common/pico_time/time.c.obj
 .text.add_alarm_under_lock.isra.0
                0x10000bd8      0x100 CMakeFiles/bin.dir/D_/rpi_pico/pico-sdk/src/common/pico_time/time.c.obj
 .text.alarm_pool_alarm_callback
                0x10000cd8      0x1c8 CMakeFiles/bin.dir/D_/rpi_pico/pico-sdk/src/common/pico_time/time.c.obj
 .text.alarm_pool_add_alarm_at.constprop.0
                0x10000ea0      0x11c CMakeFiles/bin.dir/D_/rpi_pico/pico-sdk/src/common/pico_time/time.c.obj
 .text.alarm_pool_init_default
                0x10000fbc       0x64 CMakeFiles/bin.dir/D_/rpi_pico/pico-sdk/src/common/pico_time/time.c.obj
                0x10000fbc                alarm_pool_init_default
 .text.alarm_pool_get_default
                0x10001020        0x8 CMakeFiles/bin.dir/D_/rpi_pico/pico-sdk/src/common/pico_time/time.c.obj
                0x10001020                alarm_pool_get_default
 .text.alarm_pool_add_alarm_at
                0x10001028      0x194 CMakeFiles/bin.dir/D_/rpi_pico/pico-sdk/src/common/pico_time/time.c.obj
                0x10001028                alarm_pool_add_alarm_at
 .text.sleep_until
                0x100011bc       0xac CMakeFiles/bin.dir/D_/rpi_pico/pico-sdk/src/common/pico_time/time.c.obj
                0x100011bc                sleep_until
 .text.sleep_ms
                0x10001268       0x38 CMakeFiles/bin.dir/D_/rpi_pico/pico-sdk/src/common/pico_time/time.c.obj
                0x10001268                sleep_ms
 .text.best_effort_wfe_or_timeout
                0x100012a0       0xd4 CMakeFiles/bin.dir/D_/rpi_pico/pico-sdk/src/common/pico_time/time.c.obj
                0x100012a0                best_effort_wfe_or_timeout
 .text.hardware_alarm_irq_handler
                0x10001374       0xb8 CMakeFiles/bin.dir/D_/rpi_pico/pico-sdk/src/rp2_common/hardware_timer/timer.c.obj
 .text.hardware_alarm_claim
                0x1000142c       0x18 CMakeFiles/bin.dir/D_/rpi_pico/pico-sdk/src/rp2_common/hardware_timer/timer.c.obj
                0x1000142c                hardware_alarm_claim
 .text.time_us_64
                0x10001444       0x14 CMakeFiles/bin.dir/D_/rpi_pico/pico-sdk/src/rp2_common/hardware_timer/timer.c.obj
                0x10001444                time_us_64
 .text.busy_wait_until
                0x10001458       0x20 CMakeFiles/bin.dir/D_/rpi_pico/pico-sdk/src/rp2_common/hardware_timer/timer.c.obj
                0x10001458                busy_wait_until
 .text.hardware_alarm_set_callback
                0x10001478       0x8c CMakeFiles/bin.dir/D_/rpi_pico/pico-sdk/src/rp2_common/hardware_timer/timer.c.obj
                0x10001478                hardware_alarm_set_callback
 .text.hardware_alarm_set_target
                0x10001504       0xe0 CMakeFiles/bin.dir/D_/rpi_pico/pico-sdk/src/rp2_common/hardware_timer/timer.c.obj
                0x10001504                hardware_alarm_set_target
 .text.hardware_alarm_cancel
                0x100015e4       0x3c CMakeFiles/bin.dir/D_/rpi_pico/pico-sdk/src/rp2_common/hardware_timer/timer.c.obj
                0x100015e4                hardware_alarm_cancel
 .text.ph_merge_nodes
                0x10001620       0x68 CMakeFiles/bin.dir/D_/rpi_pico/pico-sdk/src/common/pico_util/pheap.c.obj
 .text.ph_post_alloc_init
                0x10001688       0x3c CMakeFiles/bin.dir/D_/rpi_pico/pico-sdk/src/common/pico_util/pheap.c.obj
                0x10001688                ph_post_alloc_init
 .text.ph_merge_two_pass
                0x100016c4       0x90 CMakeFiles/bin.dir/D_/rpi_pico/pico-sdk/src/common/pico_util/pheap.c.obj
                0x100016c4                ph_merge_two_pass
 .text.ph_remove_any_head
                0x10001754       0xf8 CMakeFiles/bin.dir/D_/rpi_pico/pico-sdk/src/common/pico_util/pheap.c.obj
 .text.ph_remove_head
                0x1000184c       0xfc CMakeFiles/bin.dir/D_/rpi_pico/pico-sdk/src/common/pico_util/pheap.c.obj
                0x1000184c                ph_remove_head
 .text.ph_remove_and_free_node
                0x10001948       0x7c CMakeFiles/bin.dir/D_/rpi_pico/pico-sdk/src/common/pico_util/pheap.c.obj
                0x10001948                ph_remove_and_free_node
 .text.mutex_init
                0x100019c4       0x1c CMakeFiles/bin.dir/D_/rpi_pico/pico-sdk/src/common/pico_sync/mutex.c.obj
                0x100019c4                mutex_init
 .text.recursive_mutex_init
                0x100019e0       0x1c CMakeFiles/bin.dir/D_/rpi_pico/pico-sdk/src/common/pico_sync/mutex.c.obj
                0x100019e0                recursive_mutex_init
 .text.critical_section_init
                0x100019fc       0x20 CMakeFiles/bin.dir/D_/rpi_pico/pico-sdk/src/common/pico_sync/critical_section.c.obj
                0x100019fc                critical_section_init
 .text.uart_init
                0x10001a1c       0xe0 CMakeFiles/bin.dir/D_/rpi_pico/pico-sdk/src/rp2_common/hardware_uart/uart.c.obj
                0x10001a1c                uart_init
 .text.runtime_init
                0x10001afc       0xf0 CMakeFiles/bin.dir/D_/rpi_pico/pico-sdk/src/rp2_common/pico_runtime/runtime.c.obj
                0x10001afc                runtime_init
 .text.exit     0x10001bec        0x4 CMakeFiles/bin.dir/D_/rpi_pico/pico-sdk/src/rp2_common/pico_runtime/runtime.c.obj
                0x10001bec                exit
 .text.panic    0x10001bf0       0x30 CMakeFiles/bin.dir/D_/rpi_pico/pico-sdk/src/rp2_common/pico_runtime/runtime.c.obj
                0x10001bf0                panic
 .text.hard_assertion_failure
                0x10001c20        0xc CMakeFiles/bin.dir/D_/rpi_pico/pico-sdk/src/rp2_common/pico_runtime/runtime.c.obj
                0x10001c20                hard_assertion_failure
 .text.clocks_init
                0x10001c2c      0x2bc CMakeFiles/bin.dir/D_/rpi_pico/pico-sdk/src/rp2_common/hardware_clocks/clocks.c.obj
                0x10001c2c                clocks_init
 .text.clock_get_hz
                0x10001ee8        0xc CMakeFiles/bin.dir/D_/rpi_pico/pico-sdk/src/rp2_common/hardware_clocks/clocks.c.obj
                0x10001ee8                clock_get_hz
 .text.pll_init
                0x10001ef4       0xb0 CMakeFiles/bin.dir/D_/rpi_pico/pico-sdk/src/rp2_common/hardware_pll/pll.c.obj
                0x10001ef4                pll_init
 .text.watchdog_start_tick
                0x10001fa4       0x10 CMakeFiles/bin.dir/D_/rpi_pico/pico-sdk/src/rp2_common/hardware_watchdog/watchdog.c.obj
                0x10001fa4                watchdog_start_tick
 .text.watchdog_reboot
                0x10001fb4       0x98 CMakeFiles/bin.dir/D_/rpi_pico/pico-sdk/src/rp2_common/hardware_watchdog/watchdog.c.obj
                0x10001fb4                watchdog_reboot
 .text.xosc_init
                0x1000204c       0x28 CMakeFiles/bin.dir/D_/rpi_pico/pico-sdk/src/rp2_common/hardware_xosc/xosc.c.obj
                0x1000204c                xosc_init
 .text._out_char
                0x10002074       0x10 CMakeFiles/bin.dir/D_/rpi_pico/pico-sdk/src/rp2_common/pico_printf/printf.c.obj
 .text.weak_raw_vprintf
                0x10002084       0x30 CMakeFiles/bin.dir/D_/rpi_pico/pico-sdk/src/rp2_common/pico_printf/printf.c.obj
                0x10002084                weak_raw_vprintf
 .text          0x100020b4       0x10 CMakeFiles/bin.dir/D_/rpi_pico/pico-sdk/src/rp2_common/pico_bit_ops/bit_ops_aeabi.S.obj
 .text.rom_func_lookup
                0x100020c4       0x10 CMakeFiles/bin.dir/D_/rpi_pico/pico-sdk/src/rp2_common/pico_bootrom/bootrom.c.obj
                0x100020c4                rom_func_lookup
 .text.rom_data_lookup
                0x100020d4       0x10 CMakeFiles/bin.dir/D_/rpi_pico/pico-sdk/src/rp2_common/pico_bootrom/bootrom.c.obj
                0x100020d4                rom_data_lookup
 .text.rom_funcs_lookup
                0x100020e4       0x44 CMakeFiles/bin.dir/D_/rpi_pico/pico-sdk/src/rp2_common/pico_bootrom/bootrom.c.obj
                0x100020e4                rom_funcs_lookup
 .text.__wrap___aeabi_uidiv
                0x10002128       0x4c CMakeFiles/bin.dir/D_/rpi_pico/pico-sdk/src/rp2_common/pico_divider/divider.S.obj
                0x10002128                __wrap___aeabi_uidiv
                0x10002128                __wrap___aeabi_uidivmod
                0x10002128                div_u32u32
                0x10002128                divmod_u32u32
                0x10002130                divmod_u32u32_unsafe
                0x10002158                divmod_u32u32_savestate
 .text.__aeabi_double_init
                0x10002174       0x94 CMakeFiles/bin.dir/D_/rpi_pico/pico-sdk/src/rp2_common/pico_double/double_init_rom.c.obj
                0x10002174                __aeabi_double_init
 .text.double_table_shim_on_use_helper
                0x10002208       0x2c CMakeFiles/bin.dir/D_/rpi_pico/pico-sdk/src/rp2_common/pico_double/double_v1_rom_shim.S.obj
                0x10002208                double_table_shim_on_use_helper
 .text.__aeabi_lmul
                0x10002234       0x32 CMakeFiles/bin.dir/D_/rpi_pico/pico-sdk/src/rp2_common/pico_int64_ops/pico_int64_ops_aeabi.S.obj
                0x10002234                __wrap___aeabi_lmul
 *fill*         0x10002266        0x2 
 .text.__wrap___aeabi_farithmetic
                0x10002268       0x48 CMakeFiles/bin.dir/D_/rpi_pico/pico-sdk/src/rp2_common/pico_float/float_aeabi.S.obj
                0x10002268                __wrap___aeabi_frsub
                0x1000226e                __wrap___aeabi_fsub
                0x10002274                __wrap___aeabi_fadd
                0x1000227a                __wrap___aeabi_fdiv
                0x100022a2                __wrap___aeabi_fmul
 .text.__wrap___aeabi_cfcmple
                0x100022b0       0x50 CMakeFiles/bin.dir/D_/rpi_pico/pico-sdk/src/rp2_common/pico_float/float_aeabi.S.obj
                0x100022b0                __wrap___aeabi_cfrcmple
                0x100022bc                __wrap___aeabi_cfcmple
                0x100022bc                __wrap___aeabi_cfcmpeq
 .text.__wrap___aeabi_fcmplt
                0x10002300        0xc CMakeFiles/bin.dir/D_/rpi_pico/pico-sdk/src/rp2_common/pico_float/float_aeabi.S.obj
                0x10002300                __wrap___aeabi_fcmplt
 .text.__wrap___aeabi_ui2f
                0x1000230c        0xa CMakeFiles/bin.dir/D_/rpi_pico/pico-sdk/src/rp2_common/pico_float/float_aeabi.S.obj
                0x1000230c                __wrap___aeabi_ui2f
 *fill*         0x10002316        0x2 
 .text.__wrap___aeabi_i2f
                0x10002318       0x44 CMakeFiles/bin.dir/D_/rpi_pico/pico-sdk/src/rp2_common/pico_float/float_aeabi.S.obj
                0x10002318                __wrap___aeabi_i2f
 .text.__wrap___aeabi_f2uiz
                0x1000235c        0xc CMakeFiles/bin.dir/D_/rpi_pico/pico-sdk/src/rp2_common/pico_float/float_aeabi.S.obj
                0x1000235c                __wrap___aeabi_f2uiz
 .text.__aeabi_float_init
                0x10002368       0x64 CMakeFiles/bin.dir/D_/rpi_pico/pico-sdk/src/rp2_common/pico_float/float_init_rom.c.obj
                0x10002368                __aeabi_float_init
 .text.float_table_shim_on_use_helper
                0x100023cc       0x2c CMakeFiles/bin.dir/D_/rpi_pico/pico-sdk/src/rp2_common/pico_float/float_v1_rom_shim.S.obj
                0x100023cc                float_table_shim_on_use_helper
 .text          0x100023f8       0x10 CMakeFiles/bin.dir/D_/rpi_pico/pico-sdk/src/rp2_common/pico_mem_ops/mem_ops_aeabi.S.obj
                0x100023f8                __aeabi_mem_init
 .text.memset   0x10002408        0xc CMakeFiles/bin.dir/D_/rpi_pico/pico-sdk/src/rp2_common/pico_mem_ops/mem_ops_aeabi.S.obj
                0x10002408                __wrap_memset
 .text.memcpy   0x10002414        0xc CMakeFiles/bin.dir/D_/rpi_pico/pico-sdk/src/rp2_common/pico_mem_ops/mem_ops_aeabi.S.obj
                0x10002414                __wrap_memcpy
                0x10002414                __wrap___aeabi_memcpy
 .text.stdio_out_chars_no_crlf
                0x10002420       0x10 CMakeFiles/bin.dir/D_/rpi_pico/pico-sdk/src/rp2_common/pico_stdio/stdio.c.obj
 .text.stdio_out_chars_crlf
                0x10002430       0xb4 CMakeFiles/bin.dir/D_/rpi_pico/pico-sdk/src/rp2_common/pico_stdio/stdio.c.obj
 .text.stdio_put_string.isra.0
                0x100024e4       0xfc CMakeFiles/bin.dir/D_/rpi_pico/pico-sdk/src/rp2_common/pico_stdio/stdio.c.obj
 .text.__wrap_putchar
                0x100025e0       0xa0 CMakeFiles/bin.dir/D_/rpi_pico/pico-sdk/src/rp2_common/pico_stdio/stdio.c.obj
                0x100025e0                __wrap_putchar
 .text.__wrap_puts
                0x10002680       0x3c CMakeFiles/bin.dir/D_/rpi_pico/pico-sdk/src/rp2_common/pico_stdio/stdio.c.obj
                0x10002680                __wrap_puts
 .text.stdio_set_driver_enabled
                0x100026bc       0x30 CMakeFiles/bin.dir/D_/rpi_pico/pico-sdk/src/rp2_common/pico_stdio/stdio.c.obj
                0x100026bc                stdio_set_driver_enabled
 .text.stdio_init_all
                0x100026ec        0xc CMakeFiles/bin.dir/D_/rpi_pico/pico-sdk/src/rp2_common/pico_stdio/stdio.c.obj
                0x100026ec                stdio_init_all
 .text.stdio_uart_out_chars
                0x100026f8       0x4c CMakeFiles/bin.dir/D_/rpi_pico/pico-sdk/src/rp2_common/pico_stdio_uart/stdio_uart.c.obj
 .text.stdio_uart_in_chars
                0x10002744       0x38 CMakeFiles/bin.dir/D_/rpi_pico/pico-sdk/src/rp2_common/pico_stdio_uart/stdio_uart.c.obj
                0x10002744                stdio_uart_in_chars
 .text.stdio_uart_init
                0x1000277c       0x48 CMakeFiles/bin.dir/D_/rpi_pico/pico-sdk/src/rp2_common/pico_stdio_uart/stdio_uart.c.obj
                0x1000277c                stdio_uart_init
 .text.resetd_init
                0x100027c4        0x4 CMakeFiles/bin.dir/D_/rpi_pico/pico-sdk/src/rp2_common/pico_stdio_usb/reset_interface.c.obj
 .text.resetd_reset
                0x100027c8        0xc CMakeFiles/bin.dir/D_/rpi_pico/pico-sdk/src/rp2_common/pico_stdio_usb/reset_interface.c.obj
 .text.resetd_open
                0x100027d4       0x28 CMakeFiles/bin.dir/D_/rpi_pico/pico-sdk/src/rp2_common/pico_stdio_usb/reset_interface.c.obj
 .text.resetd_xfer_cb
                0x100027fc        0x4 CMakeFiles/bin.dir/D_/rpi_pico/pico-sdk/src/rp2_common/pico_stdio_usb/reset_interface.c.obj
 .text.resetd_control_xfer_cb
                0x10002800       0x64 CMakeFiles/bin.dir/D_/rpi_pico/pico-sdk/src/rp2_common/pico_stdio_usb/reset_interface.c.obj
 .text.usbd_app_driver_get_cb
                0x10002864        0xc CMakeFiles/bin.dir/D_/rpi_pico/pico-sdk/src/rp2_common/pico_stdio_usb/reset_interface.c.obj
                0x10002864                usbd_app_driver_get_cb
 .text.tud_cdc_line_coding_cb
                0x10002870       0x34 CMakeFiles/bin.dir/D_/rpi_pico/pico-sdk/src/rp2_common/pico_stdio_usb/reset_interface.c.obj
                0x10002870                tud_cdc_line_coding_cb
 .text.stdio_usb_in_chars
                0x100028a4       0x68 CMakeFiles/bin.dir/D_/rpi_pico/pico-sdk/src/rp2_common/pico_stdio_usb/stdio_usb.c.obj
                0x100028a4                stdio_usb_in_chars
 .text.stdio_usb_out_chars
                0x1000290c       0xe4 CMakeFiles/bin.dir/D_/rpi_pico/pico-sdk/src/rp2_common/pico_stdio_usb/stdio_usb.c.obj
 .text.timer_task
                0x100029f0       0x18 CMakeFiles/bin.dir/D_/rpi_pico/pico-sdk/src/rp2_common/pico_stdio_usb/stdio_usb.c.obj
 .text.usb_irq  0x10002a08       0x10 CMakeFiles/bin.dir/D_/rpi_pico/pico-sdk/src/rp2_common/pico_stdio_usb/stdio_usb.c.obj
 .text.low_priority_worker_irq
                0x10002a18       0x24 CMakeFiles/bin.dir/D_/rpi_pico/pico-sdk/src/rp2_common/pico_stdio_usb/stdio_usb.c.obj
 .text.stdio_usb_init
                0x10002a3c       0xb0 CMakeFiles/bin.dir/D_/rpi_pico/pico-sdk/src/rp2_common/pico_stdio_usb/stdio_usb.c.obj
                0x10002a3c                stdio_usb_init
 .text.tud_descriptor_device_cb
                0x10002aec        0x8 CMakeFiles/bin.dir/D_/rpi_pico/pico-sdk/src/rp2_common/pico_stdio_usb/stdio_usb_descriptors.c.obj
                0x10002aec                tud_descriptor_device_cb
 .text.tud_descriptor_configuration_cb
                0x10002af4        0x8 CMakeFiles/bin.dir/D_/rpi_pico/pico-sdk/src/rp2_common/pico_stdio_usb/stdio_usb_descriptors.c.obj
                0x10002af4                tud_descriptor_configuration_cb
 .text.tud_descriptor_string_cb
                0x10002afc       0x74 CMakeFiles/bin.dir/D_/rpi_pico/pico-sdk/src/rp2_common/pico_stdio_usb/stdio_usb_descriptors.c.obj
                0x10002afc                tud_descriptor_string_cb
 .text.dcd_rp2040_irq
                0x10002b70      0x21c CMakeFiles/bin.dir/D_/rpi_pico/pico-sdk/lib/tinyusb/src/portable/raspberrypi/rp2040/dcd_rp2040.c.obj
 .text.dcd_int_enable
                0x10002d8c        0xc CMakeFiles/bin.dir/D_/rpi_pico/pico-sdk/lib/tinyusb/src/portable/raspberrypi/rp2040/dcd_rp2040.c.obj
                0x10002d8c                dcd_int_enable
 .text.dcd_set_address
                0x10002d98       0x14 CMakeFiles/bin.dir/D_/rpi_pico/pico-sdk/lib/tinyusb/src/portable/raspberrypi/rp2040/dcd_rp2040.c.obj
                0x10002d98                dcd_set_address
 .text.dcd_connect
                0x10002dac       0x10 CMakeFiles/bin.dir/D_/rpi_pico/pico-sdk/lib/tinyusb/src/portable/raspberrypi/rp2040/dcd_rp2040.c.obj
                0x10002dac                dcd_connect
 .text.dcd_init
                0x10002dbc      0x144 CMakeFiles/bin.dir/D_/rpi_pico/pico-sdk/lib/tinyusb/src/portable/raspberrypi/rp2040/dcd_rp2040.c.obj
                0x10002dbc                dcd_init
 .text.dcd_edpt0_status_complete
                0x10002f00       0x1c CMakeFiles/bin.dir/D_/rpi_pico/pico-sdk/lib/tinyusb/src/portable/raspberrypi/rp2040/dcd_rp2040.c.obj
                0x10002f00                dcd_edpt0_status_complete
 .text.dcd_edpt_open
                0x10002f1c       0xf0 CMakeFiles/bin.dir/D_/rpi_pico/pico-sdk/lib/tinyusb/src/portable/raspberrypi/rp2040/dcd_rp2040.c.obj
                0x10002f1c                dcd_edpt_open
 .text.dcd_edpt_close_all
                0x1000300c       0xbc CMakeFiles/bin.dir/D_/rpi_pico/pico-sdk/lib/tinyusb/src/portable/raspberrypi/rp2040/dcd_rp2040.c.obj
                0x1000300c                dcd_edpt_close_all
 .text.dcd_edpt_xfer
                0x100030c8       0x24 CMakeFiles/bin.dir/D_/rpi_pico/pico-sdk/lib/tinyusb/src/portable/raspberrypi/rp2040/dcd_rp2040.c.obj
                0x100030c8                dcd_edpt_xfer
 .text.dcd_edpt_stall
                0x100030ec       0x38 CMakeFiles/bin.dir/D_/rpi_pico/pico-sdk/lib/tinyusb/src/portable/raspberrypi/rp2040/dcd_rp2040.c.obj
                0x100030ec                dcd_edpt_stall
 .text.dcd_edpt_clear_stall
                0x10003124       0x30 CMakeFiles/bin.dir/D_/rpi_pico/pico-sdk/lib/tinyusb/src/portable/raspberrypi/rp2040/dcd_rp2040.c.obj
                0x10003124                dcd_edpt_clear_stall
 .text._hw_endpoint_buffer_control_update32.part.0.isra.0
                0x10003154       0x1c CMakeFiles/bin.dir/D_/rpi_pico/pico-sdk/lib/tinyusb/src/portable/raspberrypi/rp2040/rp2040_usb.c.obj
 .text.rp2040_usb_init
                0x10003170       0x4c CMakeFiles/bin.dir/D_/rpi_pico/pico-sdk/lib/tinyusb/src/portable/raspberrypi/rp2040/rp2040_usb.c.obj
                0x10003170                rp2040_usb_init
 .text.hw_endpoint_reset_transfer
                0x100031bc        0xc CMakeFiles/bin.dir/D_/rpi_pico/pico-sdk/lib/tinyusb/src/portable/raspberrypi/rp2040/rp2040_usb.c.obj
                0x100031bc                hw_endpoint_reset_transfer
 .text._hw_endpoint_buffer_control_update32
                0x100031c8       0x44 CMakeFiles/bin.dir/D_/rpi_pico/pico-sdk/lib/tinyusb/src/portable/raspberrypi/rp2040/rp2040_usb.c.obj
                0x100031c8                _hw_endpoint_buffer_control_update32
 .text.hw_endpoint_xfer_start
                0x1000320c      0x138 CMakeFiles/bin.dir/D_/rpi_pico/pico-sdk/lib/tinyusb/src/portable/raspberrypi/rp2040/rp2040_usb.c.obj
                0x1000320c                hw_endpoint_xfer_start
 .text.hw_endpoint_xfer_continue
                0x10003344      0x1e4 CMakeFiles/bin.dir/D_/rpi_pico/pico-sdk/lib/tinyusb/src/portable/raspberrypi/rp2040/rp2040_usb.c.obj
                0x10003344                hw_endpoint_xfer_continue
 .text.tud_mounted
                0x10003528       0x10 CMakeFiles/bin.dir/D_/rpi_pico/pico-sdk/lib/tinyusb/src/device/usbd.c.obj
                0x10003528                tud_mounted
 .text.tud_suspended
                0x10003538       0x10 CMakeFiles/bin.dir/D_/rpi_pico/pico-sdk/lib/tinyusb/src/device/usbd.c.obj
                0x10003538                tud_suspended
 .text.tud_inited
                0x10003548        0xc CMakeFiles/bin.dir/D_/rpi_pico/pico-sdk/lib/tinyusb/src/device/usbd.c.obj
                0x10003548                tud_inited
 .text.tud_init
                0x10003554       0xd8 CMakeFiles/bin.dir/D_/rpi_pico/pico-sdk/lib/tinyusb/src/device/usbd.c.obj
                0x10003554                tud_init
 .text.tud_task
                0x1000362c      0x8ec CMakeFiles/bin.dir/D_/rpi_pico/pico-sdk/lib/tinyusb/src/device/usbd.c.obj
                0x1000362c                tud_task
 .text.dcd_event_bus_signal
                0x10003f18      0x120 CMakeFiles/bin.dir/D_/rpi_pico/pico-sdk/lib/tinyusb/src/device/usbd.c.obj
                0x10003f18                dcd_event_bus_signal
 .text.dcd_event_bus_reset
                0x10004038       0x54 CMakeFiles/bin.dir/D_/rpi_pico/pico-sdk/lib/tinyusb/src/device/usbd.c.obj
                0x10004038                dcd_event_bus_reset
 .text.dcd_event_setup_received
                0x1000408c       0x50 CMakeFiles/bin.dir/D_/rpi_pico/pico-sdk/lib/tinyusb/src/device/usbd.c.obj
                0x1000408c                dcd_event_setup_received
 .text.dcd_event_xfer_complete
                0x100040dc       0x68 CMakeFiles/bin.dir/D_/rpi_pico/pico-sdk/lib/tinyusb/src/device/usbd.c.obj
                0x100040dc                dcd_event_xfer_complete
 .text.usbd_open_edpt_pair
                0x10004144       0x80 CMakeFiles/bin.dir/D_/rpi_pico/pico-sdk/lib/tinyusb/src/device/usbd.c.obj
                0x10004144                usbd_open_edpt_pair
 .text.usbd_edpt_open
                0x100041c4       0x30 CMakeFiles/bin.dir/D_/rpi_pico/pico-sdk/lib/tinyusb/src/device/usbd.c.obj
                0x100041c4                usbd_edpt_open
 .text.usbd_edpt_claim
                0x100041f4       0x64 CMakeFiles/bin.dir/D_/rpi_pico/pico-sdk/lib/tinyusb/src/device/usbd.c.obj
                0x100041f4                usbd_edpt_claim
 .text.usbd_edpt_release
                0x10004258       0x4c CMakeFiles/bin.dir/D_/rpi_pico/pico-sdk/lib/tinyusb/src/device/usbd.c.obj
                0x10004258                usbd_edpt_release
 .text.usbd_edpt_xfer
                0x100042a4       0x48 CMakeFiles/bin.dir/D_/rpi_pico/pico-sdk/lib/tinyusb/src/device/usbd.c.obj
                0x100042a4                usbd_edpt_xfer
 .text.tud_control_status
                0x100042ec       0x30 CMakeFiles/bin.dir/D_/rpi_pico/pico-sdk/lib/tinyusb/src/device/usbd_control.c.obj
                0x100042ec                tud_control_status
 .text.tud_control_xfer
                0x1000431c       0xbc CMakeFiles/bin.dir/D_/rpi_pico/pico-sdk/lib/tinyusb/src/device/usbd_control.c.obj
                0x1000431c                tud_control_xfer
 .text.usbd_control_reset
                0x100043d8       0x14 CMakeFiles/bin.dir/D_/rpi_pico/pico-sdk/lib/tinyusb/src/device/usbd_control.c.obj
                0x100043d8                usbd_control_reset
 .text.usbd_control_set_complete_callback
                0x100043ec        0xc CMakeFiles/bin.dir/D_/rpi_pico/pico-sdk/lib/tinyusb/src/device/usbd_control.c.obj
                0x100043ec                usbd_control_set_complete_callback
 .text.usbd_control_set_request
                0x100043f8       0x1c CMakeFiles/bin.dir/D_/rpi_pico/pico-sdk/lib/tinyusb/src/device/usbd_control.c.obj
                0x100043f8                usbd_control_set_request
 .text.usbd_control_xfer_cb
                0x10004414       0xfc CMakeFiles/bin.dir/D_/rpi_pico/pico-sdk/lib/tinyusb/src/device/usbd_control.c.obj
                0x10004414                usbd_control_xfer_cb
 .text.tud_cdc_n_connected
                0x10004510       0x30 CMakeFiles/bin.dir/D_/rpi_pico/pico-sdk/lib/tinyusb/src/class/cdc/cdc_device.c.obj
                0x10004510                tud_cdc_n_connected
 .text.tud_cdc_n_available
                0x10004540       0x18 CMakeFiles/bin.dir/D_/rpi_pico/pico-sdk/lib/tinyusb/src/class/cdc/cdc_device.c.obj
                0x10004540                tud_cdc_n_available
 .text.tud_cdc_n_read
                0x10004558       0x70 CMakeFiles/bin.dir/D_/rpi_pico/pico-sdk/lib/tinyusb/src/class/cdc/cdc_device.c.obj
                0x10004558                tud_cdc_n_read
 .text.tud_cdc_n_write_flush
                0x100045c8       0x78 CMakeFiles/bin.dir/D_/rpi_pico/pico-sdk/lib/tinyusb/src/class/cdc/cdc_device.c.obj
                0x100045c8                tud_cdc_n_write_flush
 .text.tud_cdc_n_write
                0x10004640       0x34 CMakeFiles/bin.dir/D_/rpi_pico/pico-sdk/lib/tinyusb/src/class/cdc/cdc_device.c.obj
                0x10004640                tud_cdc_n_write
 .text.tud_cdc_n_write_available
                0x10004674       0x18 CMakeFiles/bin.dir/D_/rpi_pico/pico-sdk/lib/tinyusb/src/class/cdc/cdc_device.c.obj
                0x10004674                tud_cdc_n_write_available
 .text.cdcd_init
                0x1000468c       0x7c CMakeFiles/bin.dir/D_/rpi_pico/pico-sdk/lib/tinyusb/src/class/cdc/cdc_device.c.obj
                0x1000468c                cdcd_init
 .text.cdcd_reset
                0x10004708       0x2c CMakeFiles/bin.dir/D_/rpi_pico/pico-sdk/lib/tinyusb/src/class/cdc/cdc_device.c.obj
                0x10004708                cdcd_reset
 .text.cdcd_open
                0x10004734       0xe4 CMakeFiles/bin.dir/D_/rpi_pico/pico-sdk/lib/tinyusb/src/class/cdc/cdc_device.c.obj
                0x10004734                cdcd_open
 .text.cdcd_control_xfer_cb
                0x10004818       0xe4 CMakeFiles/bin.dir/D_/rpi_pico/pico-sdk/lib/tinyusb/src/class/cdc/cdc_device.c.obj
                0x10004818                cdcd_control_xfer_cb
 .text.cdcd_xfer_cb
                0x100048fc      0x148 CMakeFiles/bin.dir/D_/rpi_pico/pico-sdk/lib/tinyusb/src/class/cdc/cdc_device.c.obj
                0x100048fc                cdcd_xfer_cb
 .text.tusb_init
                0x10004a44        0xc CMakeFiles/bin.dir/D_/rpi_pico/pico-sdk/lib/tinyusb/src/tusb.c.obj
                0x10004a44                tusb_init
 .text.tusb_inited
                0x10004a50        0x8 CMakeFiles/bin.dir/D_/rpi_pico/pico-sdk/lib/tinyusb/src/tusb.c.obj
                0x10004a50                tusb_inited
 .text.tu_edpt_validate
                0x10004a58       0x78 CMakeFiles/bin.dir/D_/rpi_pico/pico-sdk/lib/tinyusb/src/tusb.c.obj
                0x10004a58                tu_edpt_validate
 .text.tu_edpt_bind_driver
                0x10004ad0       0x2c CMakeFiles/bin.dir/D_/rpi_pico/pico-sdk/lib/tinyusb/src/tusb.c.obj
                0x10004ad0                tu_edpt_bind_driver
 .text.tu_fifo_config
                0x10004afc       0x78 CMakeFiles/bin.dir/D_/rpi_pico/pico-sdk/lib/tinyusb/src/common/tusb_fifo.c.obj
                0x10004afc                tu_fifo_config
 .text.tu_fifo_count
                0x10004b74       0x20 CMakeFiles/bin.dir/D_/rpi_pico/pico-sdk/lib/tinyusb/src/common/tusb_fifo.c.obj
                0x10004b74                tu_fifo_count
 .text.tu_fifo_empty
                0x10004b94       0x10 CMakeFiles/bin.dir/D_/rpi_pico/pico-sdk/lib/tinyusb/src/common/tusb_fifo.c.obj
                0x10004b94                tu_fifo_empty
 .text.tu_fifo_remaining
                0x10004ba4       0x1c CMakeFiles/bin.dir/D_/rpi_pico/pico-sdk/lib/tinyusb/src/common/tusb_fifo.c.obj
                0x10004ba4                tu_fifo_remaining
 .text.tu_fifo_read
                0x10004bc0       0x9c CMakeFiles/bin.dir/D_/rpi_pico/pico-sdk/lib/tinyusb/src/common/tusb_fifo.c.obj
                0x10004bc0                tu_fifo_read
 .text.tu_fifo_read_n
                0x10004c5c      0x100 CMakeFiles/bin.dir/D_/rpi_pico/pico-sdk/lib/tinyusb/src/common/tusb_fifo.c.obj
                0x10004c5c                tu_fifo_read_n
 .text.tu_fifo_write
                0x10004d5c       0x7c CMakeFiles/bin.dir/D_/rpi_pico/pico-sdk/lib/tinyusb/src/common/tusb_fifo.c.obj
                0x10004d5c                tu_fifo_write
 .text.tu_fifo_write_n
                0x10004dd8      0x100 CMakeFiles/bin.dir/D_/rpi_pico/pico-sdk/lib/tinyusb/src/common/tusb_fifo.c.obj
                0x10004dd8                tu_fifo_write_n
 .text.tu_fifo_clear
                0x10004ed8       0x4c CMakeFiles/bin.dir/D_/rpi_pico/pico-sdk/lib/tinyusb/src/common/tusb_fifo.c.obj
                0x10004ed8                tu_fifo_clear
 .text.tu_fifo_set_overwritable
                0x10004f24       0x3c CMakeFiles/bin.dir/D_/rpi_pico/pico-sdk/lib/tinyusb/src/common/tusb_fifo.c.obj
                0x10004f24                tu_fifo_set_overwritable
 .text.startup._retrieve_unique_id_on_boot
                0x10004f60       0x10 CMakeFiles/bin.dir/D_/rpi_pico/pico-sdk/src/rp2_common/pico_unique_id/unique_id.c.obj
 .text.pico_get_unique_board_id_string
                0x10004f70      0x1a8 CMakeFiles/bin.dir/D_/rpi_pico/pico-sdk/src/rp2_common/pico_unique_id/unique_id.c.obj
                0x10004f70                pico_get_unique_board_id_string
 .text.flash_get_unique_id
                0x10005118       0x40 CMakeFiles/bin.dir/D_/rpi_pico/pico-sdk/src/rp2_common/hardware_flash/flash.c.obj
                0x10005118                flash_get_unique_id
 .text.pio_add_program
                0x10005158       0xc8 CMakeFiles/bin.dir/D_/rpi_pico/pico-sdk/src/rp2_common/hardware_pio/pio.c.obj
                0x10005158                pio_add_program
 .text.pio_sm_set_consecutive_pindirs
                0x10005220       0x84 CMakeFiles/bin.dir/D_/rpi_pico/pico-sdk/src/rp2_common/hardware_pio/pio.c.obj
                0x10005220                pio_sm_set_consecutive_pindirs
 .text.pio_sm_init
                0x100052a4       0x90 CMakeFiles/bin.dir/D_/rpi_pico/pico-sdk/src/rp2_common/hardware_pio/pio.c.obj
                0x100052a4                pio_sm_init
 .text.strlen   0x10005334       0x5c c:/progra~2/gnuarm~1/102021~1.10/bin/../lib/gcc/arm-none-eabi/10.3.1/../../../../arm-none-eabi/lib/thumb/v6-m/nofp\libc.a(lib_a-strlen-stub.o)
                0x10005334                strlen
 *(.fini)
 .fini          0x10005390        0x4 c:/progra~2/gnuarm~1/102021~1.10/bin/../lib/gcc/arm-none-eabi/10.3.1/thumb/v6-m/nofp/crti.o
                0x10005390                _fini
 *fill*         0x10005394        0x4 
 .fini.__stub   0x10005398       0x60 linker stubs
 *crtbegin.o(.ctors)
 *crtbegin?.o(.ctors)
 *(EXCLUDE_FILE(*crtend.o *crtend?.o) .ctors)
 *(SORT_BY_NAME(.ctors.*))
 *(.ctors)
 *crtbegin.o(.dtors)
 *crtbegin?.o(.dtors)
 *(EXCLUDE_FILE(*crtend.o *crtend?.o) .dtors)
 *(SORT_BY_NAME(.dtors.*))
 *(.dtors)
 *(.eh_frame*)
 .eh_frame      0x100053f8        0x0 c:/progra~2/gnuarm~1/102021~1.10/bin/../lib/gcc/arm-none-eabi/10.3.1/thumb/v6-m/nofp/crtbegin.o
                0x100053f8                . = ALIGN (0x4)

.glue_7         0x100053f8        0x0
 .glue_7        0x100053f8        0x0 linker stubs

.glue_7t        0x100053f8        0x0
 .glue_7t       0x100053f8        0x0 linker stubs

.vfp11_veneer   0x100053f8        0x0
 .vfp11_veneer  0x100053f8        0x0 linker stubs

.v4_bx          0x100053f8        0x0
 .v4_bx         0x100053f8        0x0 linker stubs

.iplt           0x100053f8        0x0
 .iplt          0x100053f8        0x0 c:/progra~2/gnuarm~1/102021~1.10/bin/../lib/gcc/arm-none-eabi/10.3.1/thumb/v6-m/nofp/crtbegin.o

.rodata         0x100053f8      0x348
 *(EXCLUDE_FILE(*libm.a: *libc.a:*lib_a-mem*.o *libgcc.a:) .rodata*)
 .rodata.pio0_sm0_config.str1.4
                0x100053f8       0x1d CMakeFiles/bin.dir/myapp.c.obj
 *fill*         0x10005415        0x3 
 .rodata.pio0_sm0_program
                0x10005418        0x6 CMakeFiles/bin.dir/myapp.c.obj
 *fill*         0x1000541e        0x2 
 .rodata.pio0_sm0_program_instructions
                0x10005420        0x6 CMakeFiles/bin.dir/myapp.c.obj
 *fill*         0x10005426        0x2 
 .rodata.spin_lock_claim_unused.str1.4
                0x10005428       0x1b CMakeFiles/bin.dir/D_/rpi_pico/pico-sdk/src/rp2_common/hardware_sync/sync.c.obj
 *fill*         0x10005443        0x1 
 .rodata.user_irq_claim_unused.str1.4
                0x10005444       0x1b CMakeFiles/bin.dir/D_/rpi_pico/pico-sdk/src/rp2_common/hardware_irq/irq.c.obj
 *fill*         0x1000545f        0x1 
 .rodata.hardware_alarm_claim.str1.4
                0x10005460       0x22 CMakeFiles/bin.dir/D_/rpi_pico/pico-sdk/src/rp2_common/hardware_timer/timer.c.obj
 *fill*         0x10005482        0x2 
 .rodata.panic.str1.4
                0x10005484       0x12 CMakeFiles/bin.dir/D_/rpi_pico/pico-sdk/src/rp2_common/pico_runtime/runtime.c.obj
 *fill*         0x10005496        0x2 
 .rodata.hard_assertion_failure.str1.4
                0x10005498        0xc CMakeFiles/bin.dir/D_/rpi_pico/pico-sdk/src/rp2_common/pico_runtime/runtime.c.obj
 .rodata.str1.4
                0x100054a4       0x38 CMakeFiles/bin.dir/D_/rpi_pico/pico-sdk/src/rp2_common/pico_standard_link/binary_info.c.obj
 .rodata.__bi_44
                0x100054dc        0xc CMakeFiles/bin.dir/D_/rpi_pico/pico-sdk/src/rp2_common/pico_standard_link/binary_info.c.obj
 .rodata.__bi_75
                0x100054e8        0xc CMakeFiles/bin.dir/D_/rpi_pico/pico-sdk/src/rp2_common/pico_standard_link/binary_info.c.obj
 .rodata.__bi_81
                0x100054f4        0xc CMakeFiles/bin.dir/D_/rpi_pico/pico-sdk/src/rp2_common/pico_standard_link/binary_info.c.obj
 .rodata.crlf_str.0
                0x10005500        0x2 CMakeFiles/bin.dir/D_/rpi_pico/pico-sdk/src/rp2_common/pico_stdio/stdio.c.obj
 *fill*         0x10005502        0x2 
 .rodata.str1.4
                0x10005504       0x2c CMakeFiles/bin.dir/D_/rpi_pico/pico-sdk/src/rp2_common/pico_stdio_uart/stdio_uart.c.obj
 .rodata.__bi_28.4
                0x10005530        0xc CMakeFiles/bin.dir/D_/rpi_pico/pico-sdk/src/rp2_common/pico_stdio_uart/stdio_uart.c.obj
 .rodata.__bi_29.5
                0x1000553c        0x8 CMakeFiles/bin.dir/D_/rpi_pico/pico-sdk/src/rp2_common/pico_stdio_uart/stdio_uart.c.obj
 .rodata._resetd_driver
                0x10005544       0x18 CMakeFiles/bin.dir/D_/rpi_pico/pico-sdk/src/rp2_common/pico_stdio_usb/reset_interface.c.obj
 .rodata.str1.4
                0x1000555c       0x13 CMakeFiles/bin.dir/D_/rpi_pico/pico-sdk/src/rp2_common/pico_stdio_usb/stdio_usb.c.obj
 *fill*         0x1000556f        0x1 
 .rodata.__bi_118.0
                0x10005570        0xc CMakeFiles/bin.dir/D_/rpi_pico/pico-sdk/src/rp2_common/pico_stdio_usb/stdio_usb.c.obj
 .rodata.str1.4
                0x1000557c       0x2a CMakeFiles/bin.dir/D_/rpi_pico/pico-sdk/src/rp2_common/pico_stdio_usb/stdio_usb_descriptors.c.obj
 *fill*         0x100055a6        0x2 
 .rodata.usbd_desc_cfg
                0x100055a8       0x54 CMakeFiles/bin.dir/D_/rpi_pico/pico-sdk/src/rp2_common/pico_stdio_usb/stdio_usb_descriptors.c.obj
 .rodata.usbd_desc_device
                0x100055fc       0x12 CMakeFiles/bin.dir/D_/rpi_pico/pico-sdk/src/rp2_common/pico_stdio_usb/stdio_usb_descriptors.c.obj
 *fill*         0x1000560e        0x2 
 .rodata.usbd_desc_str
                0x10005610       0x18 CMakeFiles/bin.dir/D_/rpi_pico/pico-sdk/src/rp2_common/pico_stdio_usb/stdio_usb_descriptors.c.obj
 .rodata.dcd_rp2040_irq.str1.4
                0x10005628       0x14 CMakeFiles/bin.dir/D_/rpi_pico/pico-sdk/lib/tinyusb/src/portable/raspberrypi/rp2040/dcd_rp2040.c.obj
 .rodata._hw_endpoint_buffer_control_update32.part.0.isra.0.str1.4
                0x1000563c       0x1f CMakeFiles/bin.dir/D_/rpi_pico/pico-sdk/lib/tinyusb/src/portable/raspberrypi/rp2040/rp2040_usb.c.obj
 *fill*         0x1000565b        0x1 
 .rodata.hw_endpoint_xfer_continue.str1.4
                0x1000565c       0x29 CMakeFiles/bin.dir/D_/rpi_pico/pico-sdk/lib/tinyusb/src/portable/raspberrypi/rp2040/rp2040_usb.c.obj
 .rodata.str1.4
                0x10005685       0x29 CMakeFiles/bin.dir/D_/rpi_pico/pico-sdk/lib/tinyusb/src/portable/raspberrypi/rp2040/rp2040_usb.c.obj
                                  0x7 (size before relaxing)
 *fill*         0x10005685        0x3 
 .rodata.tud_task
                0x10005688       0x8c CMakeFiles/bin.dir/D_/rpi_pico/pico-sdk/lib/tinyusb/src/device/usbd.c.obj
 .rodata._usbd_driver
                0x10005714       0x18 CMakeFiles/bin.dir/D_/rpi_pico/pico-sdk/lib/tinyusb/src/device/usbd.c.obj
 .rodata.pio_add_program.str1.4
                0x1000572c       0x11 CMakeFiles/bin.dir/D_/rpi_pico/pico-sdk/src/rp2_common/hardware_pio/pio.c.obj
                0x10005740                . = ALIGN (0x4)
 *fill*         0x1000573d        0x3 
 *(SORT_BY_ALIGNMENT(SORT_BY_NAME(.flashdata*)))
                0x10005740                . = ALIGN (0x4)

.rel.dyn        0x10005740        0x0
 .rel.iplt      0x10005740        0x0 c:/progra~2/gnuarm~1/102021~1.10/bin/../lib/gcc/arm-none-eabi/10.3.1/thumb/v6-m/nofp/crtbegin.o

.ARM.extab
 *(.ARM.extab* .gnu.linkonce.armextab.*)
                0x10005740                __exidx_start = .

.ARM.exidx
 *(.ARM.exidx* .gnu.linkonce.armexidx.*)
                0x10005740                __exidx_end = .
                0x10005740                . = ALIGN (0x4)
                0x10005740                __binary_info_start = .

.binary_info    0x10005740       0x28
 *(.binary_info.keep.*)
 .binary_info.keep.__bi_ptr22
                0x10005740        0x4 CMakeFiles/bin.dir/D_/rpi_pico/pico-sdk/src/rp2_common/pico_standard_link/binary_info.c.obj
 .binary_info.keep.__bi_ptr30
                0x10005744        0x4 CMakeFiles/bin.dir/D_/rpi_pico/pico-sdk/src/rp2_common/pico_standard_link/binary_info.c.obj
 .binary_info.keep.__bi_ptr38
                0x10005748        0x4 CMakeFiles/bin.dir/D_/rpi_pico/pico-sdk/src/rp2_common/pico_standard_link/binary_info.c.obj
 .binary_info.keep.__bi_ptr44
                0x1000574c        0x4 CMakeFiles/bin.dir/D_/rpi_pico/pico-sdk/src/rp2_common/pico_standard_link/binary_info.c.obj
 .binary_info.keep.__bi_ptr50
                0x10005750        0x4 CMakeFiles/bin.dir/D_/rpi_pico/pico-sdk/src/rp2_common/pico_standard_link/binary_info.c.obj
 .binary_info.keep.__bi_ptr75
                0x10005754        0x4 CMakeFiles/bin.dir/D_/rpi_pico/pico-sdk/src/rp2_common/pico_standard_link/binary_info.c.obj
 .binary_info.keep.__bi_ptr81
                0x10005758        0x4 CMakeFiles/bin.dir/D_/rpi_pico/pico-sdk/src/rp2_common/pico_standard_link/binary_info.c.obj
 *(.binary_info.*)
 .binary_info.__bi_ptr28
                0x1000575c        0x4 CMakeFiles/bin.dir/D_/rpi_pico/pico-sdk/src/rp2_common/pico_stdio_uart/stdio_uart.c.obj
 .binary_info.__bi_ptr29
                0x10005760        0x4 CMakeFiles/bin.dir/D_/rpi_pico/pico-sdk/src/rp2_common/pico_stdio_uart/stdio_uart.c.obj
 .binary_info.__bi_ptr118
                0x10005764        0x4 CMakeFiles/bin.dir/D_/rpi_pico/pico-sdk/src/rp2_common/pico_stdio_usb/stdio_usb.c.obj
                0x10005768                __binary_info_end = .
                0x10005768                . = ALIGN (0x4)
                0x10005768                __etext = .

.ram_vector_table
                0x20000000       0xc0
 *(.ram_vector_table)
 .ram_vector_table
                0x20000000       0xc0 CMakeFiles/bin.dir/D_/rpi_pico/pico-sdk/src/rp2_common/pico_runtime/runtime.c.obj
                0x20000000                ram_vector_table

.data           0x200000c0      0x3d4 load address 0x10005768
                0x200000c0                __data_start__ = .
 *(vtable)
 *(.time_critical*)
 .time_critical.mutex_enter_blocking
                0x200000c0       0x48 CMakeFiles/bin.dir/D_/rpi_pico/pico-sdk/src/common/pico_sync/mutex.c.obj
                0x200000c0                mutex_enter_blocking
 .time_critical.mutex_try_enter
                0x20000108       0x44 CMakeFiles/bin.dir/D_/rpi_pico/pico-sdk/src/common/pico_sync/mutex.c.obj
                0x20000108                mutex_try_enter
 .time_critical.mutex_enter_timeout_ms
                0x2000014c       0xa0 CMakeFiles/bin.dir/D_/rpi_pico/pico-sdk/src/common/pico_sync/mutex.c.obj
                0x2000014c                mutex_enter_timeout_ms
 .time_critical.mutex_exit
                0x200001ec       0x28 CMakeFiles/bin.dir/D_/rpi_pico/pico-sdk/src/common/pico_sync/mutex.c.obj
                0x200001ec                mutex_exit
 .time_critical.flash_init_boot2_copyout
                0x20000214       0x30 CMakeFiles/bin.dir/D_/rpi_pico/pico-sdk/src/rp2_common/hardware_flash/flash.c.obj
 .time_critical.flash_enable_xip_via_boot2
                0x20000244       0x10 CMakeFiles/bin.dir/D_/rpi_pico/pico-sdk/src/rp2_common/hardware_flash/flash.c.obj
 .time_critical.flash_cs_force
                0x20000254       0x38 CMakeFiles/bin.dir/D_/rpi_pico/pico-sdk/src/rp2_common/hardware_flash/flash.c.obj
 .time_critical.flash_do_cmd
                0x2000028c       0xc4 CMakeFiles/bin.dir/D_/rpi_pico/pico-sdk/src/rp2_common/hardware_flash/flash.c.obj
                0x2000028c                flash_do_cmd
 *(.text*)
 .text          0x20000350        0x4 c:/progra~2/gnuarm~1/102021~1.10/bin/../lib/gcc/arm-none-eabi/10.3.1/thumb/v6-m/nofp\libgcc.a(_dvmd_tls.o)
                0x20000350                __aeabi_idiv0
                0x20000350                __aeabi_ldiv0
 *fill*         0x20000354        0x4 
 .text.__stub   0x20000358       0x30 linker stubs
                0x20000388                . = ALIGN (0x4)
 *(.rodata*)
                0x20000388                . = ALIGN (0x4)
 *(.data*)
 .data.striped_spin_lock_num
                0x20000388        0x1 CMakeFiles/bin.dir/D_/rpi_pico/pico-sdk/src/rp2_common/hardware_sync/sync.c.obj
 *fill*         0x20000389        0x3 
 .data          0x2000038c       0x48 CMakeFiles/bin.dir/D_/rpi_pico/pico-sdk/src/rp2_common/hardware_irq/irq_handler_chain.S.obj
                0x2000038c                irq_handler_chain_slots
                0x200003bc                irq_handler_chain_first_slot
                0x200003c6                irq_handler_chain_remove_tail
 .data.default_alarm_pool
                0x200003d4       0x18 CMakeFiles/bin.dir/D_/rpi_pico/pico-sdk/src/common/pico_time/time.c.obj
 .data.default_alarm_pool_heap
                0x200003ec       0x10 CMakeFiles/bin.dir/D_/rpi_pico/pico-sdk/src/common/pico_time/time.c.obj
 *fill*         0x200003fc        0x4 
 .data.aeabi_bits_funcs
                0x20000400       0x10 CMakeFiles/bin.dir/D_/rpi_pico/pico-sdk/src/rp2_common/pico_bit_ops/bit_ops_aeabi.S.obj
                0x20000400                aeabi_bits_funcs
                0x20000410                aeabi_bits_funcs_end
 .data.aeabi_mem_funcs
                0x20000410       0x10 CMakeFiles/bin.dir/D_/rpi_pico/pico-sdk/src/rp2_common/pico_mem_ops/mem_ops_aeabi.S.obj
                0x20000410                aeabi_mem_funcs
                0x20000420                aeabi_mem_funcs_end
 .data.stdio_uart
                0x20000420       0x14 CMakeFiles/bin.dir/D_/rpi_pico/pico-sdk/src/rp2_common/pico_stdio_uart/stdio_uart.c.obj
                0x20000420                stdio_uart
 .data.stdio_usb
                0x20000434       0x14 CMakeFiles/bin.dir/D_/rpi_pico/pico-sdk/src/rp2_common/pico_stdio_usb/stdio_usb.c.obj
                0x20000434                stdio_usb
 .data.ep_dir_string
                0x20000448        0x8 CMakeFiles/bin.dir/D_/rpi_pico/pico-sdk/lib/tinyusb/src/portable/raspberrypi/rp2040/rp2040_usb.c.obj
                0x20000448                ep_dir_string
 .data._usbd_qdef
                0x20000450       0x24 CMakeFiles/bin.dir/D_/rpi_pico/pico-sdk/lib/tinyusb/src/device/usbd.c.obj
                0x20000450                _usbd_qdef
                0x20000474                . = ALIGN (0x4)
 *(.after_data.*)
                0x20000474                . = ALIGN (0x4)
                0x20000474                PROVIDE (__mutex_array_start = .)
 *(SORT_BY_NAME(.mutex_array.*))
 *(.mutex_array)
 .mutex_array   0x20000474        0x8 CMakeFiles/bin.dir/D_/rpi_pico/pico-sdk/src/rp2_common/pico_stdio/stdio.c.obj
                0x2000047c                PROVIDE (__mutex_array_end = .)
                0x2000047c                . = ALIGN (0x4)
                0x2000047c                PROVIDE (__preinit_array_start = .)
 *(SORT_BY_NAME(.preinit_array.*))
 .preinit_array.00001
                0x2000047c        0x4 CMakeFiles/bin.dir/D_/rpi_pico/pico-sdk/src/rp2_common/pico_mem_ops/mem_ops_aeabi.S.obj
 .preinit_array.00010
                0x20000480        0x4 CMakeFiles/bin.dir/D_/rpi_pico/pico-sdk/src/rp2_common/pico_bit_ops/bit_ops_aeabi.S.obj
 .preinit_array.00020
                0x20000484        0x4 CMakeFiles/bin.dir/D_/rpi_pico/pico-sdk/src/rp2_common/pico_double/double_aeabi.S.obj
 .preinit_array.00020
                0x20000488        0x4 CMakeFiles/bin.dir/D_/rpi_pico/pico-sdk/src/rp2_common/pico_float/float_aeabi.S.obj
 *(.preinit_array)
                0x2000048c                PROVIDE (__preinit_array_end = .)
                0x2000048c                . = ALIGN (0x4)
                0x2000048c                PROVIDE (__init_array_start = .)
 *(SORT_BY_NAME(.init_array.*))
 *(.init_array)
 .init_array    0x2000048c        0x4 c:/progra~2/gnuarm~1/102021~1.10/bin/../lib/gcc/arm-none-eabi/10.3.1/thumb/v6-m/nofp/crtbegin.o
 .init_array    0x20000490        0x4 CMakeFiles/bin.dir/D_/rpi_pico/pico-sdk/src/rp2_common/pico_unique_id/unique_id.c.obj
                0x20000494                PROVIDE (__init_array_end = .)
                0x20000494                . = ALIGN (0x4)
                [!provide]                PROVIDE (__fini_array_start = .)
 *(SORT_BY_NAME(.fini_array.*))
 *(.fini_array)
                [!provide]                PROVIDE (__fini_array_end = .)
 *(.jcr)
                0x20000494                . = ALIGN (0x4)
                0x20000494                __data_end__ = .

.igot.plt       0x20000494        0x0 load address 0x10005b3c
 .igot.plt      0x20000494        0x0 c:/progra~2/gnuarm~1/102021~1.10/bin/../lib/gcc/arm-none-eabi/10.3.1/thumb/v6-m/nofp/crtbegin.o

.uninitialized_data
                0x20000494        0x0 load address 0x10005b3c
                0x20000494                . = ALIGN (0x4)
 *(.uninitialized_data*)

.scratch_x      0x20040000        0x0 load address 0x10005b3c
                0x20040000                __scratch_x_start__ = .
 *(.scratch_x.*)
                0x20040000                . = ALIGN (0x4)
                0x20040000                __scratch_x_end__ = .
                0x10005b3c                __scratch_x_source__ = LOADADDR (.scratch_x)

.scratch_y      0x20041000        0x0 load address 0x10005b3c
                0x20041000                __scratch_y_start__ = .
 *(.scratch_y.*)
                0x20041000                . = ALIGN (0x4)
                0x20041000                __scratch_y_end__ = .
                0x10005b3c                __scratch_y_source__ = LOADADDR (.scratch_y)

.bss            0x20000498      0xd98
                0x20000498                . = ALIGN (0x4)
                0x20000498                __bss_start__ = .
 *(SORT_BY_ALIGNMENT(SORT_BY_NAME(.bss*)))
 .bss.default_alarm_pool_entries
                0x20000498      0x100 CMakeFiles/bin.dir/D_/rpi_pico/pico-sdk/src/common/pico_time/time.c.obj
 .bss.last_avail_time.1
                0x20000598        0x8 CMakeFiles/bin.dir/D_/rpi_pico/pico-sdk/src/rp2_common/pico_stdio_usb/stdio_usb.c.obj
 .bss.sd_table  0x200005a0      0x100 CMakeFiles/bin.dir/D_/rpi_pico/pico-sdk/src/rp2_common/pico_double/double_init_rom.c.obj
                0x200005a0                sd_table
 .bss.sf_table  0x200006a0      0x100 CMakeFiles/bin.dir/D_/rpi_pico/pico-sdk/src/rp2_common/pico_float/float_init_rom.c.obj
                0x200006a0                sf_table
 .bss           0x200007a0       0x1c c:/progra~2/gnuarm~1/102021~1.10/bin/../lib/gcc/arm-none-eabi/10.3.1/thumb/v6-m/nofp/crtbegin.o
 .bss._app_driver
                0x200007bc        0x4 CMakeFiles/bin.dir/D_/rpi_pico/pico-sdk/lib/tinyusb/src/device/usbd.c.obj
 .bss._cdcd_itf
                0x200007c0      0x2d8 CMakeFiles/bin.dir/D_/rpi_pico/pico-sdk/lib/tinyusb/src/class/cdc/cdc_device.c.obj
 .bss._ctrl_xfer
                0x20000a98       0x14 CMakeFiles/bin.dir/D_/rpi_pico/pico-sdk/lib/tinyusb/src/device/usbd_control.c.obj
 .bss._ubsd_mutexdef
                0x20000aac        0x8 CMakeFiles/bin.dir/D_/rpi_pico/pico-sdk/lib/tinyusb/src/device/usbd.c.obj
 .bss._usbd_ctrl_buf
                0x20000ab4       0x40 CMakeFiles/bin.dir/D_/rpi_pico/pico-sdk/lib/tinyusb/src/device/usbd_control.c.obj
 .bss._usbd_dev
                0x20000af4       0x53 CMakeFiles/bin.dir/D_/rpi_pico/pico-sdk/lib/tinyusb/src/device/usbd.c.obj
 *fill*         0x20000b47        0x1 
 .bss._usbd_mutex
                0x20000b48        0x4 CMakeFiles/bin.dir/D_/rpi_pico/pico-sdk/lib/tinyusb/src/device/usbd.c.obj
 .bss._usbd_q   0x20000b4c        0x4 CMakeFiles/bin.dir/D_/rpi_pico/pico-sdk/lib/tinyusb/src/device/usbd.c.obj
 .bss._usbd_qdef_buf
                0x20000b50       0xc0 CMakeFiles/bin.dir/D_/rpi_pico/pico-sdk/lib/tinyusb/src/device/usbd.c.obj
                0x20000b50                _usbd_qdef_buf
 .bss._used_instruction_space
                0x20000c10        0x8 CMakeFiles/bin.dir/D_/rpi_pico/pico-sdk/src/rp2_common/hardware_pio/pio.c.obj
 .bss.alarm_callbacks
                0x20000c18       0x10 CMakeFiles/bin.dir/D_/rpi_pico/pico-sdk/src/rp2_common/hardware_timer/timer.c.obj
 .bss.boot2_copyout
                0x20000c28      0x100 CMakeFiles/bin.dir/D_/rpi_pico/pico-sdk/src/rp2_common/hardware_flash/flash.c.obj
 .bss.claimed   0x20000d28        0x4 CMakeFiles/bin.dir/D_/rpi_pico/pico-sdk/src/rp2_common/hardware_sync/sync.c.obj
 .bss.configured_freq
                0x20000d2c       0x28 CMakeFiles/bin.dir/D_/rpi_pico/pico-sdk/src/rp2_common/hardware_clocks/clocks.c.obj
 .bss.default_alarm_pool_entry_ids_high
                0x20000d54       0x10 CMakeFiles/bin.dir/D_/rpi_pico/pico-sdk/src/common/pico_time/time.c.obj
 .bss.default_alarm_pool_heap_nodes
                0x20000d64       0x30 CMakeFiles/bin.dir/D_/rpi_pico/pico-sdk/src/common/pico_time/time.c.obj
 .bss.desc_str.0
                0x20000d94       0x28 CMakeFiles/bin.dir/D_/rpi_pico/pico-sdk/src/rp2_common/pico_stdio_usb/stdio_usb_descriptors.c.obj
 .bss.drivers   0x20000dbc        0x4 CMakeFiles/bin.dir/D_/rpi_pico/pico-sdk/src/rp2_common/pico_stdio/stdio.c.obj
 .bss.filter    0x20000dc0        0x4 CMakeFiles/bin.dir/D_/rpi_pico/pico-sdk/src/rp2_common/pico_stdio/stdio.c.obj
 .bss.hw_endpoints
                0x20000dc4      0x400 CMakeFiles/bin.dir/D_/rpi_pico/pico-sdk/lib/tinyusb/src/portable/raspberrypi/rp2040/dcd_rp2040.c.obj
 .bss.lazy_vsnprintf
                0x200011c4        0x4 CMakeFiles/bin.dir/D_/rpi_pico/pico-sdk/src/rp2_common/pico_printf/printf.c.obj
 .bss.load_value
                0x200011c8        0x4 CMakeFiles/bin.dir/D_/rpi_pico/pico-sdk/src/rp2_common/hardware_watchdog/watchdog.c.obj
 .bss.next_buffer_ptr
                0x200011cc        0x4 CMakeFiles/bin.dir/D_/rpi_pico/pico-sdk/lib/tinyusb/src/portable/raspberrypi/rp2040/dcd_rp2040.c.obj
 .bss.pools     0x200011d0       0x10 CMakeFiles/bin.dir/D_/rpi_pico/pico-sdk/src/common/pico_time/time.c.obj
 .bss.retrieved_id
                0x200011e0        0x8 CMakeFiles/bin.dir/D_/rpi_pico/pico-sdk/src/rp2_common/pico_unique_id/unique_id.c.obj
 .bss.sf_clz_func
                0x200011e8        0x4 CMakeFiles/bin.dir/D_/rpi_pico/pico-sdk/src/rp2_common/pico_double/double_init_rom.c.obj
                0x200011e8                sf_clz_func
 .bss.sleep_notifier
                0x200011ec        0x4 CMakeFiles/bin.dir/D_/rpi_pico/pico-sdk/src/common/pico_time/time.c.obj
 .bss.stdio_usb_mutex
                0x200011f0        0x8 CMakeFiles/bin.dir/D_/rpi_pico/pico-sdk/src/rp2_common/pico_stdio_usb/stdio_usb.c.obj
 .bss.target_hi
                0x200011f8       0x10 CMakeFiles/bin.dir/D_/rpi_pico/pico-sdk/src/rp2_common/hardware_timer/timer.c.obj
 .bss.uart_char_to_line_feed
                0x20001208        0x4 CMakeFiles/bin.dir/D_/rpi_pico/pico-sdk/src/rp2_common/hardware_uart/uart.c.obj
                0x20001208                uart_char_to_line_feed
 .bss.uart_instance
                0x2000120c        0x4 CMakeFiles/bin.dir/D_/rpi_pico/pico-sdk/src/rp2_common/pico_stdio_uart/stdio_uart.c.obj
 .bss.usbd_serial_str
                0x20001210       0x11 CMakeFiles/bin.dir/D_/rpi_pico/pico-sdk/src/rp2_common/pico_stdio_usb/stdio_usb_descriptors.c.obj
 *fill*         0x20001221        0x3 
 .bss.user_irq_claimed
                0x20001224        0x2 CMakeFiles/bin.dir/D_/rpi_pico/pico-sdk/src/rp2_common/hardware_irq/irq.c.obj
 .bss._app_driver_count
                0x20001226        0x1 CMakeFiles/bin.dir/D_/rpi_pico/pico-sdk/lib/tinyusb/src/device/usbd.c.obj
 .bss._usbd_initialized
                0x20001227        0x1 CMakeFiles/bin.dir/D_/rpi_pico/pico-sdk/lib/tinyusb/src/device/usbd.c.obj
 .bss.boot2_copyout_valid
                0x20001228        0x1 CMakeFiles/bin.dir/D_/rpi_pico/pico-sdk/src/rp2_common/hardware_flash/flash.c.obj
 .bss.claimed   0x20001229        0x1 CMakeFiles/bin.dir/D_/rpi_pico/pico-sdk/src/rp2_common/hardware_timer/timer.c.obj
 .bss.irq_hander_chain_free_slot_head
                0x2000122a        0x1 CMakeFiles/bin.dir/D_/rpi_pico/pico-sdk/src/rp2_common/hardware_irq/irq.c.obj
 .bss.itf_num   0x2000122b        0x1 CMakeFiles/bin.dir/D_/rpi_pico/pico-sdk/src/rp2_common/pico_stdio_usb/reset_interface.c.obj
 .bss.low_priority_irq_num
                0x2000122c        0x1 CMakeFiles/bin.dir/D_/rpi_pico/pico-sdk/src/rp2_common/pico_stdio_usb/stdio_usb.c.obj
 .bss.timer_callbacks_pending
                0x2000122d        0x1 CMakeFiles/bin.dir/D_/rpi_pico/pico-sdk/src/rp2_common/hardware_timer/timer.c.obj
 *(COMMON)
                0x20001230                . = ALIGN (0x4)
 *fill*         0x2000122e        0x2 
                0x20001230                __bss_end__ = .

.heap           0x20001230      0x800
                0x20001230                __end__ = .
                0x20001230                end = __end__
 *(.heap*)
 .heap          0x20001230      0x800 CMakeFiles/bin.dir/D_/rpi_pico/pico-sdk/src/rp2_common/pico_standard_link/crt0.S.obj
                0x20001a30                __HeapLimit = .

.stack1_dummy   0x20040000        0x0
 *(.stack1*)

.stack_dummy    0x20041000      0x800
 *(.stack*)
 .stack         0x20041000      0x800 CMakeFiles/bin.dir/D_/rpi_pico/pico-sdk/src/rp2_common/pico_standard_link/crt0.S.obj

.flash_end      0x10005b3c        0x0
                0x10005b3c                __flash_binary_end = .
                0x20040000                __StackLimit = (ORIGIN (RAM) + LENGTH (RAM))
                0x20041000                __StackOneTop = (ORIGIN (SCRATCH_X) + LENGTH (SCRATCH_X))
                0x20042000                __StackTop = (ORIGIN (SCRATCH_Y) + LENGTH (SCRATCH_Y))
                0x20041000                __StackOneBottom = (__StackOneTop - SIZEOF (.stack1_dummy))
                0x20041800                __StackBottom = (__StackTop - SIZEOF (.stack_dummy))
                0x20042000                PROVIDE (__stack = __StackTop)
                0x00000001                ASSERT ((__StackLimit >= __HeapLimit), region RAM overflowed)
                0x00000001                ASSERT (((__binary_info_header_end - __logical_binary_start) <= 0x100), Binary info must be in first 256 bytes of the binary)
LOAD CMakeFiles/bin.dir/myapp.c.obj
LOAD CMakeFiles/bin.dir/D_/rpi_pico/pico-sdk/src/rp2_common/pico_stdlib/stdlib.c.obj
LOAD CMakeFiles/bin.dir/D_/rpi_pico/pico-sdk/src/rp2_common/hardware_gpio/gpio.c.obj
LOAD CMakeFiles/bin.dir/D_/rpi_pico/pico-sdk/src/rp2_common/hardware_claim/claim.c.obj
LOAD CMakeFiles/bin.dir/D_/rpi_pico/pico-sdk/src/rp2_common/pico_platform/platform.c.obj
LOAD CMakeFiles/bin.dir/D_/rpi_pico/pico-sdk/src/rp2_common/hardware_sync/sync.c.obj
LOAD CMakeFiles/bin.dir/D_/rpi_pico/pico-sdk/src/rp2_common/hardware_irq/irq.c.obj
LOAD CMakeFiles/bin.dir/D_/rpi_pico/pico-sdk/src/rp2_common/hardware_irq/irq_handler_chain.S.obj
LOAD CMakeFiles/bin.dir/D_/rpi_pico/pico-sdk/src/common/pico_sync/sem.c.obj
LOAD CMakeFiles/bin.dir/D_/rpi_pico/pico-sdk/src/common/pico_sync/lock_core.c.obj
LOAD CMakeFiles/bin.dir/D_/rpi_pico/pico-sdk/src/common/pico_time/time.c.obj
LOAD CMakeFiles/bin.dir/D_/rpi_pico/pico-sdk/src/common/pico_time/timeout_helper.c.obj
LOAD CMakeFiles/bin.dir/D_/rpi_pico/pico-sdk/src/rp2_common/hardware_timer/timer.c.obj
LOAD CMakeFiles/bin.dir/D_/rpi_pico/pico-sdk/src/common/pico_util/datetime.c.obj
LOAD CMakeFiles/bin.dir/D_/rpi_pico/pico-sdk/src/common/pico_util/pheap.c.obj
LOAD CMakeFiles/bin.dir/D_/rpi_pico/pico-sdk/src/common/pico_util/queue.c.obj
LOAD CMakeFiles/bin.dir/D_/rpi_pico/pico-sdk/src/common/pico_sync/mutex.c.obj
LOAD CMakeFiles/bin.dir/D_/rpi_pico/pico-sdk/src/common/pico_sync/critical_section.c.obj
LOAD CMakeFiles/bin.dir/D_/rpi_pico/pico-sdk/src/rp2_common/hardware_uart/uart.c.obj
LOAD CMakeFiles/bin.dir/D_/rpi_pico/pico-sdk/src/rp2_common/hardware_divider/divider.S.obj
LOAD CMakeFiles/bin.dir/D_/rpi_pico/pico-sdk/src/rp2_common/pico_runtime/runtime.c.obj
LOAD CMakeFiles/bin.dir/D_/rpi_pico/pico-sdk/src/rp2_common/hardware_clocks/clocks.c.obj
LOAD CMakeFiles/bin.dir/D_/rpi_pico/pico-sdk/src/rp2_common/hardware_pll/pll.c.obj
LOAD CMakeFiles/bin.dir/D_/rpi_pico/pico-sdk/src/rp2_common/hardware_vreg/vreg.c.obj
LOAD CMakeFiles/bin.dir/D_/rpi_pico/pico-sdk/src/rp2_common/hardware_watchdog/watchdog.c.obj
LOAD CMakeFiles/bin.dir/D_/rpi_pico/pico-sdk/src/rp2_common/hardware_xosc/xosc.c.obj
LOAD CMakeFiles/bin.dir/D_/rpi_pico/pico-sdk/src/rp2_common/pico_printf/printf.c.obj
LOAD CMakeFiles/bin.dir/D_/rpi_pico/pico-sdk/src/rp2_common/pico_bit_ops/bit_ops_aeabi.S.obj
LOAD CMakeFiles/bin.dir/D_/rpi_pico/pico-sdk/src/rp2_common/pico_bootrom/bootrom.c.obj
LOAD CMakeFiles/bin.dir/D_/rpi_pico/pico-sdk/src/rp2_common/pico_divider/divider.S.obj
LOAD CMakeFiles/bin.dir/D_/rpi_pico/pico-sdk/src/rp2_common/pico_double/double_aeabi.S.obj
LOAD CMakeFiles/bin.dir/D_/rpi_pico/pico-sdk/src/rp2_common/pico_double/double_init_rom.c.obj
LOAD CMakeFiles/bin.dir/D_/rpi_pico/pico-sdk/src/rp2_common/pico_double/double_math.c.obj
LOAD CMakeFiles/bin.dir/D_/rpi_pico/pico-sdk/src/rp2_common/pico_double/double_v1_rom_shim.S.obj
LOAD CMakeFiles/bin.dir/D_/rpi_pico/pico-sdk/src/rp2_common/pico_int64_ops/pico_int64_ops_aeabi.S.obj
LOAD CMakeFiles/bin.dir/D_/rpi_pico/pico-sdk/src/rp2_common/pico_float/float_aeabi.S.obj
LOAD CMakeFiles/bin.dir/D_/rpi_pico/pico-sdk/src/rp2_common/pico_float/float_init_rom.c.obj
LOAD CMakeFiles/bin.dir/D_/rpi_pico/pico-sdk/src/rp2_common/pico_float/float_math.c.obj
LOAD CMakeFiles/bin.dir/D_/rpi_pico/pico-sdk/src/rp2_common/pico_float/float_v1_rom_shim.S.obj
LOAD CMakeFiles/bin.dir/D_/rpi_pico/pico-sdk/src/rp2_common/pico_malloc/pico_malloc.c.obj
LOAD CMakeFiles/bin.dir/D_/rpi_pico/pico-sdk/src/rp2_common/pico_mem_ops/mem_ops_aeabi.S.obj
LOAD CMakeFiles/bin.dir/D_/rpi_pico/pico-sdk/src/rp2_common/pico_standard_link/crt0.S.obj
LOAD CMakeFiles/bin.dir/D_/rpi_pico/pico-sdk/src/rp2_common/pico_standard_link/new_delete.cpp.obj
LOAD CMakeFiles/bin.dir/D_/rpi_pico/pico-sdk/src/rp2_common/pico_standard_link/binary_info.c.obj
LOAD CMakeFiles/bin.dir/D_/rpi_pico/pico-sdk/src/rp2_common/pico_stdio/stdio.c.obj
LOAD CMakeFiles/bin.dir/D_/rpi_pico/pico-sdk/src/rp2_common/pico_stdio_uart/stdio_uart.c.obj
LOAD CMakeFiles/bin.dir/D_/rpi_pico/pico-sdk/src/rp2_common/pico_stdio_usb/reset_interface.c.obj
LOAD CMakeFiles/bin.dir/D_/rpi_pico/pico-sdk/src/rp2_common/pico_stdio_usb/stdio_usb.c.obj
LOAD CMakeFiles/bin.dir/D_/rpi_pico/pico-sdk/src/rp2_common/pico_stdio_usb/stdio_usb_descriptors.c.obj
LOAD CMakeFiles/bin.dir/D_/rpi_pico/pico-sdk/lib/tinyusb/src/portable/raspberrypi/rp2040/dcd_rp2040.c.obj
LOAD CMakeFiles/bin.dir/D_/rpi_pico/pico-sdk/lib/tinyusb/src/portable/raspberrypi/rp2040/rp2040_usb.c.obj
LOAD CMakeFiles/bin.dir/D_/rpi_pico/pico-sdk/lib/tinyusb/src/device/usbd.c.obj
LOAD CMakeFiles/bin.dir/D_/rpi_pico/pico-sdk/lib/tinyusb/src/device/usbd_control.c.obj
LOAD CMakeFiles/bin.dir/D_/rpi_pico/pico-sdk/lib/tinyusb/src/class/audio/audio_device.c.obj
LOAD CMakeFiles/bin.dir/D_/rpi_pico/pico-sdk/lib/tinyusb/src/class/cdc/cdc_device.c.obj
LOAD CMakeFiles/bin.dir/D_/rpi_pico/pico-sdk/lib/tinyusb/src/class/dfu/dfu_device.c.obj
LOAD CMakeFiles/bin.dir/D_/rpi_pico/pico-sdk/lib/tinyusb/src/class/dfu/dfu_rt_device.c.obj
LOAD CMakeFiles/bin.dir/D_/rpi_pico/pico-sdk/lib/tinyusb/src/class/hid/hid_device.c.obj
LOAD CMakeFiles/bin.dir/D_/rpi_pico/pico-sdk/lib/tinyusb/src/class/midi/midi_device.c.obj
LOAD CMakeFiles/bin.dir/D_/rpi_pico/pico-sdk/lib/tinyusb/src/class/msc/msc_device.c.obj
LOAD CMakeFiles/bin.dir/D_/rpi_pico/pico-sdk/lib/tinyusb/src/class/net/ecm_rndis_device.c.obj
LOAD CMakeFiles/bin.dir/D_/rpi_pico/pico-sdk/lib/tinyusb/src/class/net/ncm_device.c.obj
LOAD CMakeFiles/bin.dir/D_/rpi_pico/pico-sdk/lib/tinyusb/src/class/usbtmc/usbtmc_device.c.obj
LOAD CMakeFiles/bin.dir/D_/rpi_pico/pico-sdk/lib/tinyusb/src/class/vendor/vendor_device.c.obj
LOAD CMakeFiles/bin.dir/D_/rpi_pico/pico-sdk/lib/tinyusb/src/class/video/video_device.c.obj
LOAD CMakeFiles/bin.dir/D_/rpi_pico/pico-sdk/lib/tinyusb/src/tusb.c.obj
LOAD CMakeFiles/bin.dir/D_/rpi_pico/pico-sdk/lib/tinyusb/src/common/tusb_fifo.c.obj
LOAD CMakeFiles/bin.dir/D_/rpi_pico/pico-sdk/src/rp2_common/pico_fix/rp2040_usb_device_enumeration/rp2040_usb_device_enumeration.c.obj
LOAD CMakeFiles/bin.dir/D_/rpi_pico/pico-sdk/src/rp2_common/pico_unique_id/unique_id.c.obj
LOAD CMakeFiles/bin.dir/D_/rpi_pico/pico-sdk/src/rp2_common/hardware_flash/flash.c.obj
LOAD CMakeFiles/bin.dir/D_/rpi_pico/pico-sdk/src/rp2_common/hardware_pio/pio.c.obj
LOAD f:\TEMP\ccIlvRzb.o
LOAD c:/progra~2/gnuarm~1/102021~1.10/bin/../lib/gcc/arm-none-eabi/10.3.1/../../../../arm-none-eabi/lib/thumb/v6-m/nofp\libstdc++.a
LOAD c:/progra~2/gnuarm~1/102021~1.10/bin/../lib/gcc/arm-none-eabi/10.3.1/../../../../arm-none-eabi/lib/thumb/v6-m/nofp\libm.a
START GROUP
LOAD c:/progra~2/gnuarm~1/102021~1.10/bin/../lib/gcc/arm-none-eabi/10.3.1/thumb/v6-m/nofp\libgcc.a
LOAD c:/progra~2/gnuarm~1/102021~1.10/bin/../lib/gcc/arm-none-eabi/10.3.1/../../../../arm-none-eabi/lib/thumb/v6-m/nofp\libc.a
END GROUP
START GROUP
LOAD c:/progra~2/gnuarm~1/102021~1.10/bin/../lib/gcc/arm-none-eabi/10.3.1/thumb/v6-m/nofp\libgcc.a
LOAD c:/progra~2/gnuarm~1/102021~1.10/bin/../lib/gcc/arm-none-eabi/10.3.1/../../../../arm-none-eabi/lib/thumb/v6-m/nofp\libc.a
LOAD c:/progra~2/gnuarm~1/102021~1.10/bin/../lib/gcc/arm-none-eabi/10.3.1/../../../../arm-none-eabi/lib/thumb/v6-m/nofp\libnosys.a
END GROUP
LOAD c:/progra~2/gnuarm~1/102021~1.10/bin/../lib/gcc/arm-none-eabi/10.3.1/thumb/v6-m/nofp/crtend.o
LOAD c:/progra~2/gnuarm~1/102021~1.10/bin/../lib/gcc/arm-none-eabi/10.3.1/thumb/v6-m/nofp/crtn.o
OUTPUT(bin.elf elf32-littlearm)
LOAD linker stubs

.ARM.attributes
                0x00000000       0x28
 .ARM.attributes
                0x00000000       0x1e c:/progra~2/gnuarm~1/102021~1.10/bin/../lib/gcc/arm-none-eabi/10.3.1/thumb/v6-m/nofp/crti.o
 .ARM.attributes
                0x0000001e       0x2c c:/progra~2/gnuarm~1/102021~1.10/bin/../lib/gcc/arm-none-eabi/10.3.1/thumb/v6-m/nofp/crtbegin.o
 .ARM.attributes
                0x0000004a       0x2c CMakeFiles/bin.dir/myapp.c.obj
 .ARM.attributes
                0x00000076       0x2c CMakeFiles/bin.dir/D_/rpi_pico/pico-sdk/src/rp2_common/hardware_gpio/gpio.c.obj
 .ARM.attributes
                0x000000a2       0x2c CMakeFiles/bin.dir/D_/rpi_pico/pico-sdk/src/rp2_common/hardware_claim/claim.c.obj
 .ARM.attributes
                0x000000ce       0x2c CMakeFiles/bin.dir/D_/rpi_pico/pico-sdk/src/rp2_common/pico_platform/platform.c.obj
 .ARM.attributes
                0x000000fa       0x2c CMakeFiles/bin.dir/D_/rpi_pico/pico-sdk/src/rp2_common/hardware_sync/sync.c.obj
 .ARM.attributes
                0x00000126       0x2c CMakeFiles/bin.dir/D_/rpi_pico/pico-sdk/src/rp2_common/hardware_irq/irq.c.obj
 .ARM.attributes
                0x00000152       0x22 CMakeFiles/bin.dir/D_/rpi_pico/pico-sdk/src/rp2_common/hardware_irq/irq_handler_chain.S.obj
 .ARM.attributes
                0x00000174       0x2c CMakeFiles/bin.dir/D_/rpi_pico/pico-sdk/src/common/pico_sync/lock_core.c.obj
 .ARM.attributes
                0x000001a0       0x2c CMakeFiles/bin.dir/D_/rpi_pico/pico-sdk/src/common/pico_time/time.c.obj
 .ARM.attributes
                0x000001cc       0x2c CMakeFiles/bin.dir/D_/rpi_pico/pico-sdk/src/rp2_common/hardware_timer/timer.c.obj
 .ARM.attributes
                0x000001f8       0x2c CMakeFiles/bin.dir/D_/rpi_pico/pico-sdk/src/common/pico_util/pheap.c.obj
 .ARM.attributes
                0x00000224       0x2c CMakeFiles/bin.dir/D_/rpi_pico/pico-sdk/src/common/pico_sync/mutex.c.obj
 .ARM.attributes
                0x00000250       0x2c CMakeFiles/bin.dir/D_/rpi_pico/pico-sdk/src/common/pico_sync/critical_section.c.obj
 .ARM.attributes
                0x0000027c       0x2c CMakeFiles/bin.dir/D_/rpi_pico/pico-sdk/src/rp2_common/hardware_uart/uart.c.obj
 .ARM.attributes
                0x000002a8       0x2c CMakeFiles/bin.dir/D_/rpi_pico/pico-sdk/src/rp2_common/pico_runtime/runtime.c.obj
 .ARM.attributes
                0x000002d4       0x2c CMakeFiles/bin.dir/D_/rpi_pico/pico-sdk/src/rp2_common/hardware_clocks/clocks.c.obj
 .ARM.attributes
                0x00000300       0x2c CMakeFiles/bin.dir/D_/rpi_pico/pico-sdk/src/rp2_common/hardware_pll/pll.c.obj
 .ARM.attributes
                0x0000032c       0x2c CMakeFiles/bin.dir/D_/rpi_pico/pico-sdk/src/rp2_common/hardware_watchdog/watchdog.c.obj
 .ARM.attributes
                0x00000358       0x2c CMakeFiles/bin.dir/D_/rpi_pico/pico-sdk/src/rp2_common/hardware_xosc/xosc.c.obj
 .ARM.attributes
                0x00000384       0x2c CMakeFiles/bin.dir/D_/rpi_pico/pico-sdk/src/rp2_common/pico_printf/printf.c.obj
 .ARM.attributes
                0x000003b0       0x22 CMakeFiles/bin.dir/D_/rpi_pico/pico-sdk/src/rp2_common/pico_bit_ops/bit_ops_aeabi.S.obj
 .ARM.attributes
                0x000003d2       0x2c CMakeFiles/bin.dir/D_/rpi_pico/pico-sdk/src/rp2_common/pico_bootrom/bootrom.c.obj
 .ARM.attributes
                0x000003fe       0x22 CMakeFiles/bin.dir/D_/rpi_pico/pico-sdk/src/rp2_common/pico_divider/divider.S.obj
 .ARM.attributes
                0x00000420       0x22 CMakeFiles/bin.dir/D_/rpi_pico/pico-sdk/src/rp2_common/pico_double/double_aeabi.S.obj
 .ARM.attributes
                0x00000442       0x2c CMakeFiles/bin.dir/D_/rpi_pico/pico-sdk/src/rp2_common/pico_double/double_init_rom.c.obj
 .ARM.attributes
                0x0000046e       0x22 CMakeFiles/bin.dir/D_/rpi_pico/pico-sdk/src/rp2_common/pico_double/double_v1_rom_shim.S.obj
 .ARM.attributes
                0x00000490       0x22 CMakeFiles/bin.dir/D_/rpi_pico/pico-sdk/src/rp2_common/pico_int64_ops/pico_int64_ops_aeabi.S.obj
 .ARM.attributes
                0x000004b2       0x22 CMakeFiles/bin.dir/D_/rpi_pico/pico-sdk/src/rp2_common/pico_float/float_aeabi.S.obj
 .ARM.attributes
                0x000004d4       0x2c CMakeFiles/bin.dir/D_/rpi_pico/pico-sdk/src/rp2_common/pico_float/float_init_rom.c.obj
 .ARM.attributes
                0x00000500       0x22 CMakeFiles/bin.dir/D_/rpi_pico/pico-sdk/src/rp2_common/pico_float/float_v1_rom_shim.S.obj
 .ARM.attributes
                0x00000522       0x22 CMakeFiles/bin.dir/D_/rpi_pico/pico-sdk/src/rp2_common/pico_mem_ops/mem_ops_aeabi.S.obj
 .ARM.attributes
                0x00000544       0x22 CMakeFiles/bin.dir/D_/rpi_pico/pico-sdk/src/rp2_common/pico_standard_link/crt0.S.obj
 .ARM.attributes
                0x00000566       0x2c CMakeFiles/bin.dir/D_/rpi_pico/pico-sdk/src/rp2_common/pico_standard_link/binary_info.c.obj
 .ARM.attributes
                0x00000592       0x2c CMakeFiles/bin.dir/D_/rpi_pico/pico-sdk/src/rp2_common/pico_stdio/stdio.c.obj
 .ARM.attributes
                0x000005be       0x2c CMakeFiles/bin.dir/D_/rpi_pico/pico-sdk/src/rp2_common/pico_stdio_uart/stdio_uart.c.obj
 .ARM.attributes
                0x000005ea       0x2c CMakeFiles/bin.dir/D_/rpi_pico/pico-sdk/src/rp2_common/pico_stdio_usb/reset_interface.c.obj
 .ARM.attributes
                0x00000616       0x2c CMakeFiles/bin.dir/D_/rpi_pico/pico-sdk/src/rp2_common/pico_stdio_usb/stdio_usb.c.obj
 .ARM.attributes
                0x00000642       0x2c CMakeFiles/bin.dir/D_/rpi_pico/pico-sdk/src/rp2_common/pico_stdio_usb/stdio_usb_descriptors.c.obj
 .ARM.attributes
                0x0000066e       0x2c CMakeFiles/bin.dir/D_/rpi_pico/pico-sdk/lib/tinyusb/src/portable/raspberrypi/rp2040/dcd_rp2040.c.obj
 .ARM.attributes
                0x0000069a       0x2c CMakeFiles/bin.dir/D_/rpi_pico/pico-sdk/lib/tinyusb/src/portable/raspberrypi/rp2040/rp2040_usb.c.obj
 .ARM.attributes
                0x000006c6       0x2c CMakeFiles/bin.dir/D_/rpi_pico/pico-sdk/lib/tinyusb/src/device/usbd.c.obj
 .ARM.attributes
                0x000006f2       0x2c CMakeFiles/bin.dir/D_/rpi_pico/pico-sdk/lib/tinyusb/src/device/usbd_control.c.obj
 .ARM.attributes
                0x0000071e       0x2c CMakeFiles/bin.dir/D_/rpi_pico/pico-sdk/lib/tinyusb/src/class/cdc/cdc_device.c.obj
 .ARM.attributes
                0x0000074a       0x2c CMakeFiles/bin.dir/D_/rpi_pico/pico-sdk/lib/tinyusb/src/tusb.c.obj
 .ARM.attributes
                0x00000776       0x2c CMakeFiles/bin.dir/D_/rpi_pico/pico-sdk/lib/tinyusb/src/common/tusb_fifo.c.obj
 .ARM.attributes
                0x000007a2       0x2c CMakeFiles/bin.dir/D_/rpi_pico/pico-sdk/src/rp2_common/pico_unique_id/unique_id.c.obj
 .ARM.attributes
                0x000007ce       0x2c CMakeFiles/bin.dir/D_/rpi_pico/pico-sdk/src/rp2_common/hardware_flash/flash.c.obj
 .ARM.attributes
                0x000007fa       0x2c CMakeFiles/bin.dir/D_/rpi_pico/pico-sdk/src/rp2_common/hardware_pio/pio.c.obj
 .ARM.attributes
                0x00000826       0x22 f:\TEMP\ccIlvRzb.o
 .ARM.attributes
                0x00000848       0x1e c:/progra~2/gnuarm~1/102021~1.10/bin/../lib/gcc/arm-none-eabi/10.3.1/thumb/v6-m/nofp\libgcc.a(_dvmd_tls.o)
 .ARM.attributes
                0x00000866       0x2c c:/progra~2/gnuarm~1/102021~1.10/bin/../lib/gcc/arm-none-eabi/10.3.1/../../../../arm-none-eabi/lib/thumb/v6-m/nofp\libc.a(lib_a-strlen-stub.o)

.comment        0x00000000       0x49
 .comment       0x00000000       0x49 CMakeFiles/bin.dir/myapp.c.obj
                                 0x4a (size before relaxing)
 .comment       0x00000049       0x4a CMakeFiles/bin.dir/D_/rpi_pico/pico-sdk/src/rp2_common/hardware_gpio/gpio.c.obj
 .comment       0x00000049       0x4a CMakeFiles/bin.dir/D_/rpi_pico/pico-sdk/src/rp2_common/hardware_claim/claim.c.obj
 .comment       0x00000049       0x4a CMakeFiles/bin.dir/D_/rpi_pico/pico-sdk/src/rp2_common/pico_platform/platform.c.obj
 .comment       0x00000049       0x4a CMakeFiles/bin.dir/D_/rpi_pico/pico-sdk/src/rp2_common/hardware_sync/sync.c.obj
 .comment       0x00000049       0x4a CMakeFiles/bin.dir/D_/rpi_pico/pico-sdk/src/rp2_common/hardware_irq/irq.c.obj
 .comment       0x00000049       0x4a CMakeFiles/bin.dir/D_/rpi_pico/pico-sdk/src/common/pico_sync/lock_core.c.obj
 .comment       0x00000049       0x4a CMakeFiles/bin.dir/D_/rpi_pico/pico-sdk/src/common/pico_time/time.c.obj
 .comment       0x00000049       0x4a CMakeFiles/bin.dir/D_/rpi_pico/pico-sdk/src/rp2_common/hardware_timer/timer.c.obj
 .comment       0x00000049       0x4a CMakeFiles/bin.dir/D_/rpi_pico/pico-sdk/src/common/pico_util/pheap.c.obj
 .comment       0x00000049       0x4a CMakeFiles/bin.dir/D_/rpi_pico/pico-sdk/src/common/pico_sync/mutex.c.obj
 .comment       0x00000049       0x4a CMakeFiles/bin.dir/D_/rpi_pico/pico-sdk/src/common/pico_sync/critical_section.c.obj
 .comment       0x00000049       0x4a CMakeFiles/bin.dir/D_/rpi_pico/pico-sdk/src/rp2_common/hardware_uart/uart.c.obj
 .comment       0x00000049       0x4a CMakeFiles/bin.dir/D_/rpi_pico/pico-sdk/src/rp2_common/pico_runtime/runtime.c.obj
 .comment       0x00000049       0x4a CMakeFiles/bin.dir/D_/rpi_pico/pico-sdk/src/rp2_common/hardware_clocks/clocks.c.obj
 .comment       0x00000049       0x4a CMakeFiles/bin.dir/D_/rpi_pico/pico-sdk/src/rp2_common/hardware_pll/pll.c.obj
 .comment       0x00000049       0x4a CMakeFiles/bin.dir/D_/rpi_pico/pico-sdk/src/rp2_common/hardware_watchdog/watchdog.c.obj
 .comment       0x00000049       0x4a CMakeFiles/bin.dir/D_/rpi_pico/pico-sdk/src/rp2_common/hardware_xosc/xosc.c.obj
 .comment       0x00000049       0x4a CMakeFiles/bin.dir/D_/rpi_pico/pico-sdk/src/rp2_common/pico_printf/printf.c.obj
 .comment       0x00000049       0x4a CMakeFiles/bin.dir/D_/rpi_pico/pico-sdk/src/rp2_common/pico_bootrom/bootrom.c.obj
 .comment       0x00000049       0x4a CMakeFiles/bin.dir/D_/rpi_pico/pico-sdk/src/rp2_common/pico_double/double_init_rom.c.obj
 .comment       0x00000049       0x4a CMakeFiles/bin.dir/D_/rpi_pico/pico-sdk/src/rp2_common/pico_float/float_init_rom.c.obj
 .comment       0x00000049       0x4a CMakeFiles/bin.dir/D_/rpi_pico/pico-sdk/src/rp2_common/pico_standard_link/binary_info.c.obj
 .comment       0x00000049       0x4a CMakeFiles/bin.dir/D_/rpi_pico/pico-sdk/src/rp2_common/pico_stdio/stdio.c.obj
 .comment       0x00000049       0x4a CMakeFiles/bin.dir/D_/rpi_pico/pico-sdk/src/rp2_common/pico_stdio_uart/stdio_uart.c.obj
 .comment       0x00000049       0x4a CMakeFiles/bin.dir/D_/rpi_pico/pico-sdk/src/rp2_common/pico_stdio_usb/reset_interface.c.obj
 .comment       0x00000049       0x4a CMakeFiles/bin.dir/D_/rpi_pico/pico-sdk/src/rp2_common/pico_stdio_usb/stdio_usb.c.obj
 .comment       0x00000049       0x4a CMakeFiles/bin.dir/D_/rpi_pico/pico-sdk/src/rp2_common/pico_stdio_usb/stdio_usb_descriptors.c.obj
 .comment       0x00000049       0x4a CMakeFiles/bin.dir/D_/rpi_pico/pico-sdk/lib/tinyusb/src/portable/raspberrypi/rp2040/dcd_rp2040.c.obj
 .comment       0x00000049       0x4a CMakeFiles/bin.dir/D_/rpi_pico/pico-sdk/lib/tinyusb/src/portable/raspberrypi/rp2040/rp2040_usb.c.obj
 .comment       0x00000049       0x4a CMakeFiles/bin.dir/D_/rpi_pico/pico-sdk/lib/tinyusb/src/device/usbd.c.obj
 .comment       0x00000049       0x4a CMakeFiles/bin.dir/D_/rpi_pico/pico-sdk/lib/tinyusb/src/device/usbd_control.c.obj
 .comment       0x00000049       0x4a CMakeFiles/bin.dir/D_/rpi_pico/pico-sdk/lib/tinyusb/src/class/cdc/cdc_device.c.obj
 .comment       0x00000049       0x4a CMakeFiles/bin.dir/D_/rpi_pico/pico-sdk/lib/tinyusb/src/tusb.c.obj
 .comment       0x00000049       0x4a CMakeFiles/bin.dir/D_/rpi_pico/pico-sdk/lib/tinyusb/src/common/tusb_fifo.c.obj
 .comment       0x00000049       0x4a CMakeFiles/bin.dir/D_/rpi_pico/pico-sdk/src/rp2_common/pico_unique_id/unique_id.c.obj
 .comment       0x00000049       0x4a CMakeFiles/bin.dir/D_/rpi_pico/pico-sdk/src/rp2_common/hardware_flash/flash.c.obj
 .comment       0x00000049       0x4a CMakeFiles/bin.dir/D_/rpi_pico/pico-sdk/src/rp2_common/hardware_pio/pio.c.obj

.debug_frame    0x00000000       0x28
 .debug_frame   0x00000000       0x28 c:/progra~2/gnuarm~1/102021~1.10/bin/../lib/gcc/arm-none-eabi/10.3.1/../../../../arm-none-eabi/lib/thumb/v6-m/nofp\libc.a(lib_a-strlen-stub.o)
